ets Jul 29 2019 12:21:46

rst:0x1 (POWERON_RESET),boot:0x13 (SPI_FAST_FLASH_BOOT)
configsip: 0, SPIWP:0xee
clk_drv:0x00,q_drv:0x00,d_drv:0x00,cs0_drv:0x00,hd_drv:0x00,wp_drv:0x00
mode:DIO, clock div:2
load:0x3fff0030,len:7172
load:0x40078000,len:15540
load:0x40080400,len:4
ho 8 tail 4 room 4
load:0x40080404,len:3904
entry 0x40080640
[0;32mI (31) boot: ESP-IDF v5.2.2-dirty 2nd stage bootloader[0m
[0;32mI (31) boot: compile time Jul 12 2024 13:42:45[0m
[0;32mI (31) boot: Multicore bootloader[0m
[0;32mI (36) boot: chip revision: v3.1[0m
[0;32mI (40) boot.esp32: SPI Speed      : 40MHz[0m
[0;32mI (44) boot.esp32: SPI Mode       : DIO[0m
[0;32mI (49) boot.esp32: SPI Flash Size : 2MB[0m
[0;32mI (53) boot: Enabling RNG early entropy source...[0m
[0;32mI (59) boot: Partition Table:[0m
[0;32mI (62) boot: ## Label            Usage          Type ST Offset   Length[0m
[0;32mI (70) boot:  0 nvs              WiFi data        01 02 00009000 00006000[0m
[0;32mI (77) boot:  1 phy_init         RF data          01 01 0000f000 00001000[0m
[0;32mI (85) boot:  2 factory          factory app      00 00 00010000 00100000[0m
[0;32mI (92) boot: End of partition table[0m
[0;32mI (96) esp_image: segment 0: paddr=00010020 vaddr=3f400020 size=0b15ch ( 45404) map[0m
[0;32mI (120) esp_image: segment 1: paddr=0001b184 vaddr=3ffb0000 size=02254h (  8788) load[0m
[0;32mI (124) esp_image: segment 2: paddr=0001d3e0 vaddr=40080000 size=02c38h ( 11320) load[0m
[0;32mI (131) esp_image: segment 3: paddr=00020020 vaddr=400d0020 size=17318h ( 95000) map[0m
[0;32mI (167) esp_image: segment 4: paddr=00037340 vaddr=40082c38 size=0acc0h ( 44224) load[0m
[0;32mI (191) boot: Loaded app from partition at offset 0x10000[0m
[0;32mI (192) boot: Disabling RNG early entropy source...[0m
[0;32mI (203) cpu_start: Multicore app[0m
[0;32mI (212) cpu_start: Pro cpu start user code[0m
[0;32mI (212) cpu_start: cpu freq: 160000000 Hz[0m
[0;32mI (212) cpu_start: Application information:[0m
[0;32mI (215) cpu_start: Project name:     My_project[0m
[0;32mI (220) cpu_start: App version:      aed7665-dirty[0m
[0;32mI (226) cpu_start: Compile time:     Jul 12 2024 13:42:33[0m
[0;32mI (232) cpu_start: ELF file SHA256:  b6372747f...[0m
[0;32mI (237) cpu_start: ESP-IDF:          v5.2.2-dirty[0m
[0;32mI (242) cpu_start: Min chip rev:     v0.0[0m
[0;32mI (247) cpu_start: Max chip rev:     v3.99 [0m
[0;32mI (252) cpu_start: Chip rev:         v3.1[0m
[0;32mI (257) heap_init: Initializing. RAM available for dynamic allocation:[0m
[0;32mI (264) heap_init: At 3FFAE6E0 len 00001920 (6 KiB): DRAM[0m
[0;32mI (270) heap_init: At 3FFB2B28 len 0002D4D8 (181 KiB): DRAM[0m
[0;32mI (276) heap_init: At 3FFE0440 len 00003AE0 (14 KiB): D/IRAM[0m
[0;32mI (282) heap_init: At 3FFE4350 len 0001BCB0 (111 KiB): D/IRAM[0m
[0;32mI (289) heap_init: At 4008D8F8 len 00012708 (73 KiB): IRAM[0m
[0;32mI (297) spi_flash: detected chip: generic[0m
[0;32mI (300) spi_flash: flash io: dio[0m
[0;33mW (304) spi_flash: Detected size(4096k) larger than the size in the binary image header(2048k). Using the size in the binary image header.[0m
[0;32mI (318) main_task: Started on CPU0[0m
[0;32mI (328) main_task: Calling app_main()[0m
[0;32mI (328) gpio: GPIO[2]| InpGuru Meditation Error: Core  0 panic'ed (LoadProhibited). Exception was unhandled.

Core  0 register dump:
PC      : 0x4000c320  PS      : 0x00060333  A0      : 0x80085df1  A1      : 0x3ffb4cd0  
A2      : 0x3ffb600c  A3      : 0x00000004  A4      : 0x00000003  A5      : 0x3ffb600c  
A6      : 0x00000003  A7      : 0x00000000  A8      : 0x00000000  A9      : 0x3ffb5ff0  
A10     : 0x3ffb6010  A11     : 0x00000000  A12     : 0x3ffb67f0  A13     : 0x000007ec  
A14     : 0x3ffb5ff0  A15     : 0x3ffb4e20  SAR     : 0x0000001c  EXCCAUSE: 0x0000001c  
EXCVADDR: 0x00000004  LBEG    : 0x4000c2e0  LEND    : 0x4000c2f6  LCOUNT  : 0xffffffff  


Backtrace: 0x4000c31d:0x3ffb4cd0 0x40085dee:0x3ffb4ce0 0x40085ff0:0x3ffb4d00 0x4008614d:0x3ffb4d40 0x400d8bb0:0x3ffb4d60 0x400d94f2:0x3ffb4da0 0x400d5af3:0x3ffb4dd0 0x400d57c7:0x3ffb4e00 0x400e68c0:0x3ffb4e20 0x40087171:0x3ffb4e50




ELF file SHA256: b6372747f

Rebooting...
ets Jul 29 2019 12:21:46

rst:0xc (SW_CPU_RESET),boot:0x13 (SPI_FAST_FLASH_BOOT)
configsip: 0, SPIWP:0xee
clk_drv:0x00,q_drv:0x00,d_drv:0x00,cs0_drv:0x00,hd_drv:0x00,wp_drv:0x00
mode:DIO, clock div:2
load:0x3fff0030,len:7172
load:0x40078000,len:15540
load:0x40080400,len:4
ho 8 tail 4 room 4
load:0x40080404,len:3904
entry 0x40080640
[0;32mI (31) boot: ESP-IDF v5.2.2-dirty 2nd stage bootloader[0m
[0;32mI (31) boot: compile time Jul 12 2024 13:42:45[0m
[0;32mI (31) boot: Multicore bootloader[0m
[0;32mI (36) boot: chip revision: v3.1[0m
[0;32mI (40) boot.esp32: SPI Speed      : 40MHz[0m
[0;32mI (44) boot.esp32: SPI Mode       : DIO[0m
[0;32mI (49) boot.esp32: SPI Flash Size : 2MB[0m
[0;32mI (53) boot: Enabling RNG early entropy source...[0m
[0;32mI (59) boot: Partition Table:[0m
[0;32mI (62) boot: ## Label            Usage          Type ST Offset   Length[0m
[0;32mI (70) boot:  0 nvs              WiFi data        01 02 00009000 00006000[0m
[0;32mI (77) boot:  1 phy_init         RF data          01 01 0000f000 00001000[0m
[0;32mI (84) boot:  2 factory          factory app      00 00 00010000 00100000[0m
[0;32mI (92) boot: End of partition table[0m
[0;32mI (96) esp_image: segment 0: paddr=00010020 vaddr=3f400020 size=0b15ch ( 45404) map[0m
[0;32mI (120) esp_image: segment 1: paddr=0001b184 vaddr=3ffb0000 size=02254h (  8788) load[0m
[0;32mI (124) esp_image: segment 2: paddr=0001d3e0 vaddr=40080000 size=02c38h ( 11320) load[0m
[0;32mI (131) esp_image: segment 3: paddr=00020020 vaddr=400d0020 size=17318h ( 95000) map[0m
[0;32mI (167) esp_image: segment 4: paddr=00037340 vaddr=40082c38 size=0acc0h ( 44224) load[0m
[0;32mI (191) boot: Loaded app from partition at offset 0x10000[0m
[0;32mI (191) boot: Disabling RNG early entropy source...[0m
[0;32mI (203) cpu_start: Multicore app[0m
[0;32mI (212) cpu_start: Pro cpu start user code[0m
[0;32mI (212) cpu_start: cpu freq: 160000000 Hz[0m
[0;32mI (212) cpu_start: Application information:[0m
[0;32mI (215) cpu_start: Project name:     My_project[0m
[0;32mI (220) cpu_start: App version:      aed7665-dirty[0m
[0;32mI (225) cpu_start: Compile time:     Jul 12 2024 13:42:33[0m
[0;32mI (232) cpu_start: ELF file SHA256:  b6372747f...[0m
[0;32mI (237) cpu_start: ESP-IDF:          v5.2.2-dirty[0m
[0;32mI (242) cpu_start: Min chip rev:     v0.0[0m
[0;32mI (247) cpu_start: Max chip rev:     v3.99 [0m
[0;32mI (252) cpu_start: Chip rev:         v3.1[0m
[0;32mI (257) heap_init: Initializing. RAM available for dynamic allocation:[0m
[0;32mI (264) heap_init: At 3FFAE6E0 len 00001920 (6 KiB): DRAM[0m
[0;32mI (270) heap_init: At 3FFB2B28 len 0002D4D8 (181 KiB): DRAM[0m
[0;32mI (276) heap_init: At 3FFE0440 len 00003AE0 (14 KiB): D/IRAM[0m
[0;32mI (282) heap_init: At 3FFE4350 len 0001BCB0 (111 KiB): D/IRAM[0m
[0;32mI (289) heap_init: At 4008D8F8 len 00012708 (73 KiB): IRAM[0m
[0;32mI (297) spi_flash: detected chip: generic[0m
[0;32mI (300) spi_flash: flash io: dio[0m
[0;33mW (304) spi_flash: Detected size(4096k) larger than the size in the binary image header(2048k). Using the size in the binary image header.[0m
[0;32mI (317) main_task: Started on CPU0[0m
[0;32mI (327) main_task: Calling app_main()[0m
[0;32mI (327) gpio: GPIO[2]| InpGuru Meditation Error: Core  0 panic'ed (LoadProhibited). Exception was unhandled.

Core  0 register dump:
PC      : 0x4000c320  PS      : 0x00060333  A0      : 0x80085df1  A1      : 0x3ffb4cd0  
A2      : 0x3ffb600c  A3      : 0x00000004  A4      : 0x00000003  A5      : 0x3ffb600c  
A6      : 0x00000003  A7      : 0x00000000  A8      : 0x00000000  A9      : 0x3ffb5ff0  
A10     : 0x3ffb6010  A11     : 0x00000000  A12     : 0x3ffb67f0  A13     : 0x000007ec  
A14     : 0x3ffb5ff0  A15     : 0x3ffb4e20  SAR     : 0x0000001c  EXCCAUSE: 0x0000001c  
EXCVADDR: 0x00000004  LBEG    : 0x4000c2e0  LEND    : 0x4000c2f6  LCOUNT  : 0xffffffff  


Backtrace: 0x4000c31d:0x3ffb4cd0 0x40085dee:0x3ffb4ce0 0x40085ff0:0x3ffb4d00 0x4008614d:0x3ffb4d40 0x400d8bb0:0x3ffb4d60 0x400d94f2:0x3ffb4da0 0x400d5af3:0x3ffb4dd0 0x400d57c7:0x3ffb4e00 0x400e68c0:0x3ffb4e20 0x40087171:0x3ffb4e50




ELF file SHA256: b6372747f

Rebooting...
ets Jul 29 2019 12:21:46

rst:0xc (SW_CPU_RESET),boot:0x13 (SPI_FAST_FLASH_BOOT)
configsip: 0, SPIWP:0xee
clk_drv:0x00,q_drv:0x00,d_drv:0x00,cs0_drv:0x00,hd_drv:0x00,wp_drv:0x00
mode:DIO, clock div:2
load:0x3fff0030,len:7172
load:0x40078000,len:15540
load:0x40080400,len:4
ho 8 tail 4 room 4
load:0x40080404,len:3904
entry 0x40080640
[0;32mI (31) boot: ESP-IDF v5.2.2-dirty 2nd stage bootloader[0m
[0;32mI (31) boot: compile time Jul 12 2024 13:42:45[0m
[0;32mI (31) boot: Multicore bootloader[0m
[0;32mI (36) boot: chip revision: v3.1[0m
[0;32mI (40) boot.esp32: SPI Speed      : 40MHz[0m
[0;32mI (44) boot.esp32: SPI Mode       : DIO[0m
[0;32mI (49) boot.esp32: SPI Flash Size : 2MB[0m
[0;32mI (53) boot: Enabling RNG early entropy source...[0m
[0;32mI (59) boot: Partition Table:[0m
[0;32mI (62) boot: ## Label            Usage          Type ST Offset   Length[0m
[0;32mI (70) boot:  0 nvs              WiFi data        01 02 00009000 00006000[0m
[0;32mI (77) boot:  1 phy_init         RF data          01 01 0000f000 00001000[0m
[0;32mI (84) boot:  2 factory          factory app      00 00 00010000 00100000[0m
[0;32mI (92) boot: End of partition table[0m
[0;32mI (96) esp_image: segment 0: paddr=00010020 vaddr=3f400020 size=0b15ch ( 45404) map[0m
[0;32mI (120) esp_image: segment 1: paddr=0001b184 vaddr=3ffb0000 size=02254h (  8788) load[0m
[0;32mI (124) esp_image: segment 2: paddr=0001d3e0 vaddr=40080000 size=02c38h ( 11320) load[0m
[0;32mI (131) esp_image: segment 3: paddr=00020020 vaddr=400d0020 size=17318h ( 95000) map[0m
[0;32mI (167) esp_image: segment 4: paddr=00037340 vaddr=40082c38 size=0acc0h ( 44224) load[0m
[0;32mI (191) boot: Loaded app from partition at offset 0x10000[0m
[0;32mI (191) boot: Disabling RNG early entropy source...[0m
[0;32mI (203) cpu_start: Multicore app[0m
[0;32mI (212) cpu_start: Pro cpu start user code[0m
[0;32mI (212) cpu_start: cpu freq: 160000000 Hz[0m
[0;32mI (212) cpu_start: Application information:[0m
[0;32mI (215) cpu_start: Project name:     My_project[0m
[0;32mI (220) cpu_start: App version:      aed7665-dirty[0m
[0;32mI (225) cpu_start: Compile time:     Jul 12 2024 13:42:33[0m
[0;32mI (232) cpu_start: ELF file SHA256:  b6372747f...[0m
[0;32mI (237) cpu_start: ESP-IDF:          v5.2.2-dirty[0m
[0;32mI (242) cpu_start: Min chip rev:     v0.0[0m
[0;32mI (247) cpu_start: Max chip rev:     v3.99 [0m
[0;32mI (252) cpu_start: Chip rev:         v3.1[0m
[0;32mI (257) heap_init: Initializing. RAM available for dynamic allocation:[0m
[0;32mI (264) heap_init: At 3FFAE6E0 len 00001920 (6 KiB): DRAM[0m
[0;32mI (270) heap_init: At 3FFB2B28 len 0002D4D8 (181 KiB): DRAM[0m
[0;32mI (276) heap_init: At 3FFE0440 len 00003AE0 (14 KiB): D/IRAM[0m
[0;32mI (282) heap_init: At 3FFE4350 len 0001BCB0 (111 KiB): D/IRAM[0m
[0;32mI (289) heap_init: At 4008D8F8 len 00012708 (73 KiB): IRAM[0m
[0;32mI (297) spi_flash: detected chip: generic[0m
[0;32mI (300) spi_flash: flash io: dio[0m
[0;33mW (304) spi_flash: Detected size(4096k) larger than the size in the binary image header(2048k). Using the size in the binary image header.[0m
[0;32mI (317) main_task: Started on CPU0[0m
[0;32mI (327) main_task: Calling app_main()[0m
[0;32mI (327) gpio: GPIO[2]| InpGuru Meditation Error: Core  0 panic'ed (LoadProhibited). Exception was unhandled.

Core  0 register dump:
PC      : 0x4000c320  PS      : 0x00060333  A0      : 0x80085df1  A1      : 0x3ffb4cd0  
A2      : 0x3ffb600c  A3      : 0x00000004  A4      : 0x00000003  A5      : 0x3ffb600c  
A6      : 0x00000003  A7      : 0x00000000  A8      : 0x00000000  A9      : 0x3ffb5ff0  
A10     : 0x3ffb6010  A11     : 0x00000000  A12     : 0x3ffb67f0  A13     : 0x000007ec  
A14     : 0x3ffb5ff0  A15     : 0x3ffb4e20  SAR     : 0x0000001c  EXCCAUSE: 0x0000001c  
EXCVADDR: 0x00000004  LBEG    : 0x4000c2e0  LEND    : 0x4000c2f6  LCOUNT  : 0xffffffff  


Backtrace: 0x4000c31d:0x3ffb4cd0 0x40085dee:0x3ffb4ce0 0x40085ff0:0x3ffb4d00 0x4008614d:0x3ffb4d40 0x400d8bb0:0x3ffb4d60 0x400d94f2:0x3ffb4da0 0x400d5af3:0x3ffb4dd0 0x400d57c7:0x3ffb4e00 0x400e68c0:0x3ffb4e20 0x40087171:0x3ffb4e50




ELF file SHA256: b6372747f

Rebooting...
ets Jul 29 2019 12:21:46

rst:0xc (SW_CPU_RESET),boot:0x13 (SPI_FAST_FLASH_BOOT)
configsip: 0, SPIWP:0xee
clk_drv:0x00,q_drv:0x00,d_drv:0x00,cs0_drv:0x00,hd_drv:0x00,wp_drv:0x00
mode:DIO, clock div:2
load:0x3fff0030,len:7172
load:0x40078000,len:15540
load:0x40080400,len:4
ho 8 tail 4 room 4
load:0x40080404,len:3904
entry 0x40080640
[0;32mI (31) boot: ESP-IDF v5.2.2-dirty 2nd stage bootloader[0m
[0;32mI (31) boot: compile time Jul 12 2024 13:42:45[0m
[0;32mI (31) boot: Multicore bootloader[0m
[0;32mI (36) boot: chip revision: v3.1[0m
[0;32mI (40) boot.esp32: SPI Speed      : 40MHz[0m
[0;32mI (44) boot.esp32: SPI Mode       : DIO[0m
[0;32mI (49) boot.esp32: SPI Flash Size : 2MB[0m
[0;32mI (53) boot: Enabling RNG early entropy source...[0m
[0;32mI (59) boot: Partition Table:[0m
[0;32mI (62) boot: ## Label            Usage          Type ST Offset   Length[0m
[0;32mI (70) boot:  0 nvs              WiFi data        01 02 00009000 00006000[0m
[0;32mI (77) boot:  1 phy_init         RF data          01 01 0000f000 00001000[0m
[0;32mI (84) boot:  2 factory          factory app      00 00 00010000 00100000[0m
[0;32mI (92) boot: End of partition table[0m
[0;32mI (96) esp_image: segment 0: paddr=00010020 vaddr=3f400020 size=0b15ch ( 45404) map[0m
[0;32mI (120) esp_image: segment 1: paddr=0001b184 vaddr=3ffb0000 size=02254h (  8788) load[0m
[0;32mI (124) esp_image: segment 2: paddr=0001d3e0 vaddr=40080000 size=02c38h ( 11320) load[0m
[0;32mI (131) esp_image: segment 3: paddr=00020020 vaddr=400d0020 size=17318h ( 95000) map[0m
[0;32mI (167) esp_image: segment 4: paddr=00037340 vaddr=40082c38 size=0acc0h ( 44224) load[0m
[0;32mI (191) boot: Loaded app from partition at offset 0x10000[0m
[0;32mI (191) boot: Disabling RNG early entropy source...[0m
[0;32mI (203) cpu_start: Multicore app[0m
[0;32mI (212) cpu_start: Pro cpu start user code[0m
[0;32mI (212) cpu_start: cpu freq: 160000000 Hz[0m
[0;32mI (212) cpu_start: Application information:[0m
[0;32mI (215) cpu_start: Project name:     My_project[0m
[0;32mI (220) cpu_start: App version:      aed7665-dirty[0m
[0;32mI (225) cpu_start: Compile time:     Jul 12 2024 13:42:33[0m
[0;32mI (232) cpu_start: ELF file SHA256:  b6372747f...[0m
[0;32mI (237) cpu_start: ESP-IDF:          v5.2.2-dirty[0m
[0;32mI (242) cpu_start: Min chip rev:     v0.0[0m
[0;32mI (247) cpu_start: Max chip rev:     v3.99 [0m
[0;32mI (252) cpu_start: Chip rev:         v3.1[0m
[0;32mI (257) heap_init: Initializing. RAM available for dynamic allocation:[0m
[0;32mI (264) heap_init: At 3FFAE6E0 len 00001920 (6 KiB): DRAM[0m
[0;32mI (270) heap_init: At 3FFB2B28 len 0002D4D8 (181 KiB): DRAM[0m
[0;32mI (276) heap_init: At 3FFE0440 len 00003AE0 (14 KiB): D/IRAM[0m
[0;32mI (282) heap_init: At 3FFE4350 len 0001BCB0 (111 KiB): D/IRAM[0m
[0;32mI (289) heap_init: At 4008D8F8 len 00012708 (73 KiB): IRAM[0m
[0;32mI (297) spi_flash: detected chip: generic[0m
[0;32mI (300) spi_flash: flash io: dio[0m
[0;33mW (304) spi_flash: Detected size(4096k) larger than the size in the binary image header(2048k). Using the size in the binary image header.[0m
[0;32mI (317) main_task: Started on CPU0[0m
[0;32mI (327) main_task: Calling app_main()[0m
[0;32mI (327) gpio: GPIO[2]| InpGuru Meditation Error: Core  0 panic'ed (LoadProhibited). Exception was unhandled.

Core  0 register dump:
PC      : 0x4000c320  PS      : 0x00060333  A0      : 0x80085df1  A1      : 0x3ffb4cd0  
A2      : 0x3ffb600c  A3      : 0x00000004  A4      : 0x00000003  A5      : 0x3ffb600c  
A6      : 0x00000003  A7      : 0x00000000  A8      : 0x00000000  A9      : 0x3ffb5ff0  
A10     : 0x3ffb6010  A11     : 0x00000000  A12     : 0x3ffb67f0  A13     : 0x000007ec  
A14     : 0x3ffb5ff0  A15     : 0x3ffb4e20  SAR     : 0x0000001c  EXCCAUSE: 0x0000001c  
EXCVADDR: 0x00000004  LBEG    : 0x4000c2e0  LEND    : 0x4000c2f6  LCOUNT  : 0xffffffff  


Backtrace: 0x4000c31d:0x3ffb4cd0 0x40085dee:0x3ffb4ce0 0x40085ff0:0x3ffb4d00 0x4008614d:0x3ffb4d40 0x400d8bb0:0x3ffb4d60 0x400d94f2:0x3ffb4da0 0x400d5af3:0x3ffb4dd0 0x400d57c7:0x3ffb4e00 0x400e68c0:0x3ffb4e20 0x40087171:0x3ffb4e50




ELF file SHA256: b6372747f

Rebooting...
ets Jul 29 2019 12:21:46

rst:0xc (SW_CPU_RESET),boot:0x13 (SPI_FAST_FLASH_BOOT)
configsip: 0, SPIWP:0xee
clk_drv:0x00,q_drv:0x00,d_drv:0x00,cs0_drv:0x00,hd_drv:0x00,wp_drv:0x00
mode:DIO, clock div:2
load:0x3fff0030,len:7172
load:0x40078000,len:15540
load:0x40080400,len:4
ho 8 tail 4 room 4
load:0x40080404,len:3904
entry 0x40080640
[0;32mI (31) boot: ESP-IDF v5.2.2-dirty 2nd stage bootloader[0m
[0;32mI (31) boot: compile time Jul 12 2024 13:42:45[0m
[0;32mI (31) boot: Multicore bootloader[0m
[0;32mI (36) boot: chip revision: v3.1[0m
[0;32mI (40) boot.esp32: SPI Speed      : 40MHz[0m
[0;32mI (44) boot.esp32: SPI Mode       : DIO[0m
[0;32mI (49) boot.esp32: SPI Flash Size : 2MB[0m
[0;32mI (53) boot: Enabling RNG early entropy source...[0m
[0;32mI (59) boot: Partition Table:[0m
[0;32mI (62) boot: ## Label            Usage          Type ST Offset   Length[0m
[0;32mI (70) boot:  0 nvs              WiFi data        01 02 00009000 00006000[0m
[0;32mI (77) boot:  1 phy_init         RF data          01 01 0000f000 00001000[0m
[0;32mI (84) boot:  2 factory          factory app      00 00 00010000 00100000[0m
[0;32mI (92) boot: End of partition table[0m
[0;32mI (96) esp_image: segment 0: paddr=00010020 vaddr=3f400020 size=0b15ch ( 45404) map[0m
[0;32mI (120) esp_image: segment 1: paddr=0001b184 vaddr=3ffb0000 size=02254h (  8788) load[0m
[0;32mI (124) esp_image: segment 2: paddr=0001d3e0 vaddr=40080000 size=02c38h ( 11320) load[0m
[0;32mI (131) esp_image: segment 3: paddr=00020020 vaddr=400d0020 size=17318h ( 95000) map[0m
[0;32mI (167) esp_image: segment 4: paddr=00037340 vaddr=40082c38 size=0acc0h ( 44224) load[0m
[0;32mI (191) boot: Loaded app from partition at offset 0x10000[0m
[0;32mI (191) boot: Disabling RNG early entropy source...[0m
[0;32mI (203) cpu_start: Multicore app[0m
[0;32mI (212) cpu_start: Pro cpu start user code[0m
[0;32mI (212) cpu_start: cpu freq: 160000000 Hz[0m
[0;32mI (212) cpu_start: Application information:[0m
[0;32mI (215) cpu_start: Project name:     My_project[0m
[0;32mI (220) cpu_start: App version:      aed7665-dirty[0m
[0;32mI (225) cpu_start: Compile time:     Jul 12 2024 13:42:33[0m
[0;32mI (232) cpu_start: ELF file SHA256:  b6372747f...[0m
[0;32mI (237) cpu_start: ESP-IDF:          v5.2.2-dirty[0m
[0;32mI (242) cpu_start: Min chip rev:     v0.0[0m
[0;32mI (247) cpu_start: Max chip rev:     v3.99 [0m
[0;32mI (252) cpu_start: Chip rev:         v3.1[0m
[0;32mI (257) heap_init: Initializing. RAM available for dynamic allocation:[0m
[0;32mI (264) heap_init: At 3FFAE6E0 len 00001920 (6 KiB): DRAM[0m
[0;32mI (270) heap_init: At 3FFB2B28 len 0002D4D8 (181 KiB): DRAM[0m
[0;32mI (276) heap_init: At 3FFE0440 len 00003AE0 (14 KiB): D/IRAM[0m
[0;32mI (282) heap_init: At 3FFE4350 len 0001BCB0 (111 KiB): D/IRAM[0m
[0;32mI (289) heap_init: At 4008D8F8 len 00012708 (73 KiB): IRAM[0m
[0;32mI (297) spi_flash: detected chip: generic[0m
[0;32mI (300) spi_flash: flash io: dio[0m
[0;33mW (304) spi_flash: Detected size(4096k) larger than the size in the binary image header(2048k). Using the size in the binary image header.[0m
[0;32mI (317) main_task: Started on CPU0[0m
[0;32mI (327) main_task: Calling app_main()[0m
[0;32mI (327) gpio: GPIO[2]| InpGuru Meditation Error: Core  0 panic'ed (LoadProhibited). Exception was unhandled.

Core  0 register dump:
PC      : 0x4000c320  PS      : 0x00060333  A0      : 0x80085df1  A1      : 0x3ffb4cd0  
A2      : 0x3ffb600c  A3      : 0x00000004  A4      : 0x00000003  A5      : 0x3ffb600c  
A6      : 0x00000003  A7      : 0x00000000  A8      : 0x00000000  A9      : 0x3ffb5ff0  
A10     : 0x3ffb6010  A11     : 0x00000000  A12     : 0x3ffb67f0  A13     : 0x000007ec  
A14     : 0x3ffb5ff0  A15     : 0x3ffb4e20  SAR     : 0x0000001c  EXCCAUSE: 0x0000001c  
EXCVADDR: 0x00000004  LBEG    : 0x4000c2e0  LEND    : 0x4000c2f6  LCOUNT  : 0xffffffff  


Backtrace: 0x4000c31d:0x3ffb4cd0 0x40085dee:0x3ffb4ce0 0x40085ff0:0x3ffb4d00 0x4008614d:0x3ffb4d40 0x400d8bb0:0x3ffb4d60 0x400d94f2:0x3ffb4da0 0x400d5af3:0x3ffb4dd0 0x400d57c7:0x3ffb4e00 0x400e68c0:0x3ffb4e20 0x40087171:0x3ffb4e50




ELF file SHA256: b6372747f

Rebooting...
ets Jul 29 2019 12:21:46

rst:0xc (SW_CPU_RESET),boot:0x13 (SPI_FAST_FLASH_BOOT)
configsip: 0, SPIWP:0xee
clk_drv:0x00,q_drv:0x00,d_drv:0x00,cs0_drv:0x00,hd_drv:0x00,wp_drv:0x00
mode:DIO, clock div:2
load:0x3fff0030,len:7172
load:0x40078000,len:15540
load:0x40080400,len:4
ho 8 tail 4 room 4
load:0x40080404,len:3904
entry 0x40080640
[0;32mI (31) boot: ESP-IDF v5.2.2-dirty 2nd stage bootloader[0m
[0;32mI (31) boot: compile time Jul 12 2024 13:42:45[0m
[0;32mI (31) boot: Multicore bootloader[0m
[0;32mI (36) boot: chip revision: v3.1[0m
[0;32mI (40) boot.esp32: SPI Speed      : 40MHz[0m
[0;32mI (44) boot.esp32: SPI Mode       : DIO[0m
[0;32mI (49) boot.esp32: SPI Flash Size : 2MB[0m
[0;32mI (53) boot: Enabling RNG early entropy source...[0m
[0;32mI (59) boot: Partition Table:[0m
[0;32mI (62) boot: ## Label            Usage          Type ST Offset   Length[0m
[0;32mI (70) boot:  0 nvs              WiFi data        01 02 00009000 00006000[0m
[0;32mI (77) boot:  1 phy_init         RF data          01 01 0000f000 00001000[0m
[0;32mI (84) boot:  2 factory          factory app      00 00 00010000 00100000[0m
[0;32mI (92) boot: End of partition table[0m
[0;32mI (96) esp_image: segment 0: paddr=00010020 vaddr=3f400020 size=0b15ch ( 45404) map[0m
[0;32mI (120) esp_image: segment 1: paddr=0001b184 vaddr=3ffb0000 size=02254h (  8788) load[0m
[0;32mI (124) esp_image: segment 2: paddr=0001d3e0 vaddr=40080000 size=02c38h ( 11320) load[0m
[0;32mI (131) esp_image: segment 3: paddr=00020020 vaddr=400d0020 size=17318h ( 95000) map[0m
[0;32mI (167) esp_image: segment 4: paddr=00037340 vaddr=40082c38 size=0acc0h ( 44224) load[0m
[0;32mI (191) boot: Loaded app from partition at offset 0x10000[0m
[0;32mI (191) boot: Disabling RNG early entropy source...[0m
[0;32mI (203) cpu_start: Multicore app[0m
[0;32mI (212) cpu_start: Pro cpu start user code[0m
[0;32mI (212) cpu_start: cpu freq: 160000000 Hz[0m
[0;32mI (212) cpu_start: Application information:[0m
[0;32mI (215) cpu_start: Project name:     My_project[0m
[0;32mI (220) cpu_start: App version:      aed7665-dirty[0m
[0;32mI (225) cpu_start: Compile time:     Jul 12 2024 13:42:33[0m
[0;32mI (232) cpu_start: ELF file SHA256:  b6372747f...[0m
[0;32mI (237) cpu_start: ESP-IDF:          v5.2.2-dirty[0m
[0;32mI (242) cpu_start: Min chip rev:     v0.0[0m
[0;32mI (247) cpu_start: Max chip rev:     v3.99 [0m
[0;32mI (252) cpu_start: Chip rev:         v3.1[0m
[0;32mI (257) heap_init: Initializing. RAM available for dynamic allocation:[0m
[0;32mI (264) heap_init: At 3FFAE6E0 len 00001920 (6 KiB): DRAM[0m
[0;32mI (270) heap_init: At 3FFB2B28 len 0002D4D8 (181 KiB): DRAM[0m
[0;32mI (276) heap_init: At 3FFE0440 len 00003AE0 (14 KiB): D/IRAM[0m
[0;32mI (282) heap_init: At 3FFE4350 len 0001BCB0 (111 KiB): D/IRAM[0m
[0;32mI (289) heap_init: At 4008D8F8 len 00012708 (73 KiB): IRAM[0m
[0;32mI (297) spi_flash: detected chip: generic[0m
[0;32mI (300) spi_flash: flash io: dio[0m
[0;33mW (304) spi_flash: Detected size(4096k) larger than the size in the binary image header(2048k). Using the size in the binary image header.[0m
[0;32mI (317) main_task: Started on CPU0[0m
[0;32mI (327) main_task: Calling app_main()[0m
[0;32mI (327) gpio: GPIO[2]| InpGuru Meditation Error: Core  0 panic'ed (LoadProhibited). Exception was unhandled.

Core  0 register dump:
PC      : 0x4000c320  PS      : 0x00060333  A0      : 0x80085df1  A1      : 0x3ffb4cd0  
A2      : 0x3ffb600c  A3      : 0x00000004  A4      : 0x00000003  A5      : 0x3ffb600c  
A6      : 0x00000003  A7      : 0x00000000  A8      : 0x00000000  A9      : 0x3ffb5ff0  
A10     : 0x3ffb6010  A11     : 0x00000000  A12     : 0x3ffb67f0  A13     : 0x000007ec  
A14     : 0x3ffb5ff0  A15     : 0x3ffb4e20  SAR     : 0x0000001c  EXCCAUSE: 0x0000001c  
EXCVADDR: 0x00000004  LBEG    : 0x4000c2e0  LEND    : 0x4000c2f6  LCOUNT  : 0xffffffff  


Backtrace: 0x4000c31d:0x3ffb4cd0 0x40085dee:0x3ffb4ce0 0x40085ff0:0x3ffb4d00 0x4008614d:0x3ffb4d40 0x400d8bb0:0x3ffb4d60 0x400d94f2:0x3ffb4da0 0x400d5af3:0x3ffb4dd0 0x400d57c7:0x3ffb4e00 0x400e68c0:0x3ffb4e20 0x40087171:0x3ffb4e50




ELF file SHA256: b6372747f

Rebooting...
ets Jul 29 2019 12:21:46

rst:0xc (SW_CPU_RESET),boot:0x13 (SPI_FAST_FLASH_BOOT)
configsip: 0, SPIWP:0xee
clk_drv:0x00,q_drv:0x00,d_drv:0x00,cs0_drv:0x00,hd_drv:0x00,wp_drv:0x00
mode:DIO, clock div:2
load:0x3fff0030,len:7172
load:0x40078000,len:15540
load:0x40080400,len:4
ho 8 tail 4 room 4
load:0x40080404,len:3904
entry 0x40080640
[0;32mI (31) boot: ESP-IDF v5.2.2-dirty 2nd stage bootloader[0m
[0;32mI (31) boot: compile time Jul 12 2024 13:42:45[0m
[0;32mI (31) boot: Multicore bootloader[0m
[0;32mI (36) boot: chip revision: v3.1[0m
[0;32mI (40) boot.esp32: SPI Speed      : 40MHz[0m
[0;32mI (44) boot.esp32: SPI Mode       : DIO[0m
[0;32mI (49) boot.esp32: SPI Flash Size : 2MB[0m
[0;32mI (53) boot: Enabling RNG early entropy source...[0m
[0;32mI (59) boot: Partition Table:[0m
[0;32mI (62) boot: ## Label            Usage          Type ST Offset   Length[0m
[0;32mI (70) boot:  0 nvs              WiFi data        01 02 00009000 00006000[0m
[0;32mI (77) boot:  1 phy_init         RF data          01 01 0000f000 00001000[0m
[0;32mI (84) boot:  2 factory          factory app      00 00 00010000 00100000[0m
[0;32mI (92) boot: End of partition table[0m
[0;32mI (96) esp_image: segment 0: paddr=00010020 vaddr=3f400020 size=0b15ch ( 45404) map[0m
[0;32mI (120) esp_image: segment 1: paddr=0001b184 vaddr=3ffb0000 size=02254h (  8788) load[0m
[0;32mI (124) esp_image: segment 2: paddr=0001d3e0 vaddr=40080000 size=02c38h ( 11320) load[0m
[0;32mI (131) esp_image: segment 3: paddr=00020020 vaddr=400d0020 size=17318h ( 95000) map[0m
[0;32mI (167) esp_image: segment 4: paddr=00037340 vaddr=40082c38 size=0acc0h ( 44224) load[0m
[0;32mI (191) boot: Loaded app from partition at offset 0x10000[0m
[0;32mI (191) boot: Disabling RNG early entropy source...[0m
[0;32mI (203) cpu_start: Multicore app[0m
[0;32mI (212) cpu_start: Pro cpu start user code[0m
[0;32mI (212) cpu_start: cpu freq: 160000000 Hz[0m
[0;32mI (212) cpu_start: Application information:[0m
[0;32mI (215) cpu_start: Project name:     My_project[0m
[0;32mI (220) cpu_start: App version:      aed7665-dirty[0m
[0;32mI (225) cpu_start: Compile time:     Jul 12 2024 13:42:33[0m
[0;32mI (232) cpu_start: ELF file SHA256:  b6372747f...[0m
[0;32mI (237) cpu_start: ESP-IDF:          v5.2.2-dirty[0m
[0;32mI (242) cpu_start: Min chip rev:     v0.0[0m
[0;32mI (247) cpu_start: Max chip rev:     v3.99 [0m
[0;32mI (252) cpu_start: Chip rev:         v3.1[0m
[0;32mI (257) heap_init: Initializing. RAM available for dynamic allocation:[0m
[0;32mI (264) heap_init: At 3FFAE6E0 len 00001920 (6 KiB): DRAM[0m
[0;32mI (270) heap_init: At 3FFB2B28 len 0002D4D8 (181 KiB): DRAM[0m
[0;32mI (276) heap_init: At 3FFE0440 len 00003AE0 (14 KiB): D/IRAM[0m
[0;32mI (282) heap_init: At 3FFE4350 len 0001BCB0 (111 KiB): D/IRAM[0m
[0;32mI (289) heap_init: At 4008D8F8 len 00012708 (73 KiB): IRAM[0m
[0;32mI (296) spi_flash: detected chip: generic[0m
[0;32mI (300) spi_flash: flash io: dio[0m
[0;33mW (304) spi_flash: Detected size(4096k) larger than the size in the binary image header(2048k). Using the size in the binary image header.[0m
[0;32mI (317) main_task: Started on CPU0[0m
[0;32mI (327) main_task: Calling app_main()[0m
[0;32mI (327) gpio: GPIO[2]| InpGuru Meditation Error: Core  0 panic'ed (LoadProhibited). Exception was unhandled.

Core  0 register dump:
PC      : 0x4000c320  PS      : 0x00060333  A0      : 0x80085df1  A1      : 0x3ffb4cd0  
A2      : 0x3ffb600c  A3      : 0x00000004  A4      : 0x00000003  A5      : 0x3ffb600c  
A6      : 0x00000003  A7      : 0x00000000  A8      : 0x00000000  A9      : 0x3ffb5ff0  
A10     : 0x3ffb6010  A11     : 0x00000000  A12     : 0x3ffb67f0  A13     : 0x000007ec  
A14     : 0x3ffb5ff0  A15     : 0x3ffb4e20  SAR     : 0x0000001c  EXCCAUSE: 0x0000001c  
EXCVADDR: 0x00000004  LBEG    : 0x4000c2e0  LEND    : 0x4000c2f6  LCOUNT  : 0xffffffff  


Backtrace: 0x4000c31d:0x3ffb4cd0 0x40085dee:0x3ffb4ce0 0x40085ff0:0x3ffb4d00 0x4008614d:0x3ffb4d40 0x400d8bb0:0x3ffb4d60 0x400d94f2:0x3ffb4da0 0x400d5af3:0x3ffb4dd0 0x400d57c7:0x3ffb4e00 0x400e68c0:0x3ffb4e20 0x40087171:0x3ffb4e50




ELF file SHA256: b6372747f

Rebooting...
ets Jul 29 2019 12:21:46

rst:0xc (SW_CPU_RESET),boot:0x13 (SPI_FAST_FLASH_BOOT)
configsip: 0, SPIWP:0xee
clk_drv:0x00,q_drv:0x00,d_drv:0x00,cs0_drv:0x00,hd_drv:0x00,wp_drv:0x00
mode:DIO, clock div:2
load:0x3fff0030,len:7172
load:0x40078000,len:15540
load:0x40080400,len:4
ho 8 tail 4 room 4
load:0x40080404,len:3904
entry 0x40080640
[0;32mI (31) boot: ESP-IDF v5.2.2-dirty 2nd stage bootloader[0m
[0;32mI (31) boot: compile time Jul 12 2024 13:42:45[0m
[0;32mI (31) boot: Multicore bootloader[0m
[0;32mI (36) boot: chip revision: v3.1[0m
[0;32mI (40) boot.esp32: SPI Speed      : 40MHz[0m
[0;32mI (44) boot.esp32: SPI Mode       : DIO[0m
[0;32mI (49) boot.esp32: SPI Flash Size : 2MB[0m
[0;32mI (53) boot: Enabling RNG early entropy source...[0m
[0;32mI (59) boot: Partition Table:[0m
[0;32mI (62) boot: ## Label            Usage          Type ST Offset   Length[0m
[0;32mI (70) boot:  0 nvs              WiFi data        01 02 00009000 00006000[0m
[0;32mI (77) boot:  1 phy_init         RF data          01 01 0000f000 00001000[0m
[0;32mI (84) boot:  2 factory          factory app      00 00 00010000 00100000[0m
[0;32mI (92) boot: End of partition table[0m
[0;32mI (96) esp_image: segment 0: paddr=00010020 vaddr=3f400020 size=0b15ch ( 45404) map[0m
[0;32mI (120) esp_image: segment 1: paddr=0001b184 vaddr=3ffb0000 size=02254h (  8788) load[0m
[0;32mI (124) esp_image: segment 2: paddr=0001d3e0 vaddr=40080000 size=02c38h ( 11320) load[0m
[0;32mI (131) esp_image: segment 3: paddr=00020020 vaddr=400d0020 size=17318h ( 95000) map[0m
[0;32mI (167) esp_image: segment 4: paddr=00037340 vaddr=40082c38 size=0acc0h ( 44224) load[0m
[0;32mI (191) boot: Loaded app from partition at offset 0x10000[0m
[0;32mI (191) boot: Disabling RNG early entropy source...[0m
[0;32mI (203) cpu_start: Multicore app[0m
[0;32mI (212) cpu_start: Pro cpu start user code[0m
[0;32mI (212) cpu_start: cpu freq: 160000000 Hz[0m
[0;32mI (212) cpu_start: Application information:[0m
[0;32mI (215) cpu_start: Project name:     My_project[0m
[0;32mI (220) cpu_start: App version:      aed7665-dirty[0m
[0;32mI (225) cpu_start: Compile time:     Jul 12 2024 13:42:33[0m
[0;32mI (232) cpu_start: ELF file SHA256:  b6372747f...[0m
[0;32mI (237) cpu_start: ESP-IDF:          v5.2.2-dirty[0m
[0;32mI (242) cpu_start: Min chip rev:     v0.0[0m
[0;32mI (247) cpu_start: Max chip rev:     v3.99 [0m
[0;32mI (252) cpu_start: Chip rev:         v3.1[0m
[0;32mI (257) heap_init: Initializing. RAM available for dynamic allocation:[0m
[0;32mI (264) heap_init: At 3FFAE6E0 len 00001920 (6 KiB): DRAM[0m
[0;32mI (270) heap_init: At 3FFB2B28 len 0002D4D8 (181 KiB): DRAM[0m
[0;32mI (276) heap_init: At 3FFE0440 len 00003AE0 (14 KiB): D/IRAM[0m
[0;32mI (282) heap_init: At 3FFE4350 len 0001BCB0 (111 KiB): D/IRAM[0m
[0;32mI (289) heap_init: At 4008D8F8 len 00012708 (73 KiB): IRAM[0m
[0;32mI (297) spi_flash: detected chip: generic[0m
[0;32mI (300) spi_flash: flash io: dio[0m
[0;33mW (304) spi_flash: Detected size(4096k) larger than the size in the binary image header(2048k). Using the size in the binary image header.[0m
[0;32mI (317) main_task: Started on CPU0[0m
[0;32mI (327) main_task: Calling app_main()[0m
[0;32mI (327) gpio: GPIO[2]| InpGuru Meditation Error: Core  0 panic'ed (LoadProhibited). Exception was unhandled.

Core  0 register dump:
PC      : 0x4000c320  PS      : 0x00060333  A0      : 0x80085df1  A1      : 0x3ffb4cd0  
A2      : 0x3ffb600c  A3      : 0x00000004  A4      : 0x00000003  A5      : 0x3ffb600c  
A6      : 0x00000003  A7      : 0x00000000  A8      : 0x00000000  A9      : 0x3ffb5ff0  
A10     : 0x3ffb6010  A11     : 0x00000000  A12     : 0x3ffb67f0  A13     : 0x000007ec  
A14     : 0x3ffb5ff0  A15     : 0x3ffb4e20  SAR     : 0x0000001c  EXCCAUSE: 0x0000001c  
EXCVADDR: 0x00000004  LBEG    : 0x4000c2e0  LEND    : 0x4000c2f6  LCOUNT  : 0xffffffff  


Backtrace: 0x4000c31d:0x3ffb4cd0 0x40085dee:0x3ffb4ce0 0x40085ff0:0x3ffb4d00 0x4008614d:0x3ffb4d40 0x400d8bb0:0x3ffb4d60 0x400d94f2:0x3ffb4da0 0x400d5af3:0x3ffb4dd0 0x400d57c7:0x3ffb4e00 0x400e68c0:0x3ffb4e20 0x40087171:0x3ffb4e50




ELF file SHA256: b6372747f

Rebooting...
ets Jul 29 2019 12:21:46

rst:0xc (SW_CPU_RESET),boot:0x13 (SPI_FAST_FLASH_BOOT)
configsip: 0, SPIWP:0xee
clk_drv:0x00,q_drv:0x00,d_drv:0x00,cs0_drv:0x00,hd_drv:0x00,wp_drv:0x00
mode:DIO, clock div:2
load:0x3fff0030,len:7172
load:0x40078000,len:15540
load:0x40080400,len:4
ho 8 tail 4 room 4
load:0x40080404,len:3904
entry 0x40080640
[0;32mI (31) boot: ESP-IDF v5.2.2-dirty 2nd stage bootloader[0m
[0;32mI (31) boot: compile time Jul 12 2024 13:42:45[0m
[0;32mI (31) boot: Multicore bootloader[0m
[0;32mI (36) boot: chip revision: v3.1[0m
[0;32mI (40) boot.esp32: SPI Speed      : 40MHz[0m
[0;32mI (44) boot.esp32: SPI Mode       : DIO[0m
[0;32mI (49) boot.esp32: SPI Flash Size : 2MB[0m
[0;32mI (53) boot: Enabling RNG early entropy source...[0m
[0;32mI (59) boot: Partition Table:[0m
[0;32mI (62) boot: ## Label            Usage          Type ST Offset   Length[0m
[0;32mI (70) boot:  0 nvs              WiFi data        01 02 00009000 00006000[0m
[0;32mI (77) boot:  1 phy_init         RF data          01 01 0000f000 00001000[0m
[0;32mI (84) boot:  2 factory          factory app      00 00 00010000 00100000[0m
[0;32mI (92) boot: End of partition table[0m
[0;32mI (96) esp_image: segment 0: paddr=00010020 vaddr=3f400020 size=0b15ch ( 45404) map[0m
[0;32mI (120) esp_image: segment 1: paddr=0001b184 vaddr=3ffb0000 size=02254h (  8788) load[0m
[0;32mI (124) esp_image: segment 2: paddr=0001d3e0 vaddr=40080000 size=02c38h ( 11320) load[0m
[0;32mI (131) esp_image: segment 3: paddr=00020020 vaddr=400d0020 size=17318h ( 95000) map[0m
[0;32mI (167) esp_image: segment 4: paddr=00037340 vaddr=40082c38 size=0acc0h ( 44224) load[0m
[0;32mI (191) boot: Loaded app from partition at offset 0x10000[0m
[0;32mI (191) boot: Disabling RNG early entropy source...[0m
[0;32mI (203) cpu_start: Multicore app[0m
[0;32mI (212) cpu_start: Pro cpu start user code[0m
[0;32mI (212) cpu_start: cpu freq: 160000000 Hz[0m
[0;32mI (212) cpu_start: Application information:[0m
[0;32mI (215) cpu_start: Project name:     My_project[0m
[0;32mI (220) cpu_start: App version:      aed7665-dirty[0m
[0;32mI (225) cpu_start: Compile time:     Jul 12 2024 13:42:33[0m
[0;32mI (232) cpu_start: ELF file SHA256:  b6372747f...[0m
[0;32mI (237) cpu_start: ESP-IDF:          v5.2.2-dirty[0m
[0;32mI (242) cpu_start: Min chip rev:     v0.0[0m
[0;32mI (247) cpu_start: Max chip rev:     v3.99 [0m
[0;32mI (252) cpu_start: Chip rev:         v3.1[0m
[0;32mI (257) heap_init: Initializing. RAM available for dynamic allocation:[0m
[0;32mI (264) heap_init: At 3FFAE6E0 len 00001920 (6 KiB): DRAM[0m
[0;32mI (270) heap_init: At 3FFB2B28 len 0002D4D8 (181 KiB): DRAM[0m
[0;32mI (276) heap_init: At 3FFE0440 len 00003AE0 (14 KiB): D/IRAM[0m
[0;32mI (282) heap_init: At 3FFE4350 len 0001BCB0 (111 KiB): D/IRAM[0m
[0;32mI (289) heap_init: At 4008D8F8 len 00012708 (73 KiB): IRAM[0m
[0;32mI (296) spi_flash: detected chip: generic[0m
[0;32mI (300) spi_flash: flash io: dio[0m
[0;33mW (304) spi_flash: Detected size(4096k) larger than the size in the binary image header(2048k). Using the size in the binary image header.[0m
[0;32mI (317) main_task: Started on CPU0[0m
[0;32mI (327) main_task: Calling app_main()[0m
[0;32mI (327) gpio: GPIO[2]| InpGuru Meditation Error: Core  0 panic'ed (LoadProhibited). Exception was unhandled.

Core  0 register dump:
PC      : 0x4000c320  PS      : 0x00060333  A0      : 0x80085df1  A1      : 0x3ffb4cd0  
A2      : 0x3ffb600c  A3      : 0x00000004  A4      : 0x00000003  A5      : 0x3ffb600c  
A6      : 0x00000003  A7      : 0x00000000  A8      : 0x00000000  A9      : 0x3ffb5ff0  
A10     : 0x3ffb6010  A11     : 0x00000000  A12     : 0x3ffb67f0  A13     : 0x000007ec  
A14     : 0x3ffb5ff0  A15     : 0x3ffb4e20  SAR     : 0x0000001c  EXCCAUSE: 0x0000001c  
EXCVADDR: 0x00000004  LBEG    : 0x4000c2e0  LEND    : 0x4000c2f6  LCOUNT  : 0xffffffff  


Backtrace: 0x4000c31d:0x3ffb4cd0 0x40085dee:0x3ffb4ce0 0x40085ff0:0x3ffb4d00 0x4008614d:0x3ffb4d40 0x400d8bb0:0x3ffb4d60 0x400d94f2:0x3ffb4da0 0x400d5af3:0x3ffb4dd0 0x400d57c7:0x3ffb4e00 0x400e68c0:0x3ffb4e20 0x40087171:0x3ffb4e50




ELF file SHA256: b6372747f

Rebooting...
ets Jul 29 2019 12:21:46

rst:0xc (SW_CPU_RESET),boot:0x13 (SPI_FAST_FLASH_BOOT)
configsip: 0, SPIWP:0xee
clk_drv:0x00,q_drv:0x00,d_drv:0x00,cs0_drv:0x00,hd_drv:0x00,wp_drv:0x00
mode:DIO, clock div:2
load:0x3fff0030,len:7172
load:0x40078000,len:15540
load:0x40080400,len:4
ho 8 tail 4 room 4
load:0x40080404,len:3904
entry 0x40080640
[0;32mI (31) boot: ESP-IDF v5.2.2-dirty 2nd stage bootloader[0m
[0;32mI (31) boot: compile time Jul 12 2024 13:42:45[0m
[0;32mI (31) boot: Multicore bootloader[0m
[0;32mI (36) boot: chip revision: v3.1[0m
[0;32mI (40) boot.esp32: SPI Speed      : 40MHz[0m
[0;32mI (44) boot.esp32: SPI Mode       : DIO[0m
[0;32mI (49) boot.esp32: SPI Flash Size : 2MB[0m
[0;32mI (53) boot: Enabling RNG early entropy source...[0m
[0;32mI (59) boot: Partition Table:[0m
[0;32mI (62) boot: ## Label            Usage          Type ST Offset   Length[0m
[0;32mI (70) boot:  0 nvs              WiFi data        01 02 00009000 00006000[0m
[0;32mI (77) boot:  1 phy_init         RF data          01 01 0000f000 00001000[0m
[0;32mI (84) boot:  2 factory          factory app      00 00 00010000 00100000[0m
[0;32mI (92) boot: End of partition table[0m
[0;32mI (96) esp_image: segment 0: paddr=00010020 vaddr=3f400020 size=0b15ch ( 45404) map[0m
[0;32mI (120) esp_image: segment 1: paddr=0001b184 vaddr=3ffb0000 size=02254h (  8788) load[0m
[0;32mI (124) esp_image: segment 2: paddr=0001d3e0 vaddr=40080000 size=02c38h ( 11320) load[0m
[0;32mI (131) esp_image: segment 3: paddr=00020020 vaddr=400d0020 size=17318h ( 95000) map[0m
[0;32mI (167) esp_image: segment 4: paddr=00037340 vaddr=40082c38 size=0acc0h ( 44224) load[0m
[0;32mI (191) boot: Loaded app from partition at offset 0x10000[0m
[0;32mI (191) boot: Disabling RNG early entropy source...[0m
[0;32mI (203) cpu_start: Multicore app[0m
[0;32mI (212) cpu_start: Pro cpu start user code[0m
[0;32mI (212) cpu_start: cpu freq: 160000000 Hz[0m
[0;32mI (212) cpu_start: Application information:[0m
[0;32mI (215) cpu_start: Project name:     My_project[0m
[0;32mI (220) cpu_start: App version:      aed7665-dirty[0m
[0;32mI (225) cpu_start: Compile time:     Jul 12 2024 13:42:33[0m
[0;32mI (232) cpu_start: ELF file SHA256:  b6372747f...[0m
[0;32mI (237) cpu_start: ESP-IDF:          v5.2.2-dirty[0m
[0;32mI (242) cpu_start: Min chip rev:     v0.0[0m
[0;32mI (247) cpu_start: Max chip rev:     v3.99 [0m
[0;32mI (252) cpu_start: Chip rev:         v3.1[0m
[0;32mI (257) heap_init: Initializing. RAM available for dynamic allocation:[0m
[0;32mI (264) heap_init: At 3FFAE6E0 len 00001920 (6 KiB): DRAM[0m
[0;32mI (270) heap_init: At 3FFB2B28 len 0002D4D8 (181 KiB): DRAM[0m
[0;32mI (276) heap_init: At 3FFE0440 len 00003AE0 (14 KiB): D/IRAM[0m
[0;32mI (282) heap_init: At 3FFE4350 len 0001BCB0 (111 KiB): D/IRAM[0m
[0;32mI (289) heap_init: At 4008D8F8 len 00012708 (73 KiB): IRAM[0m
[0;32mI (297) spi_flash: detected chip: generic[0m
[0;32mI (300) spi_flash: flash io: dio[0m
[0;33mW (304) spi_flash: Detected size(4096k) larger than the size in the binary image header(2048k). Using the size in the binary image header.[0m
[0;32mI (317) main_task: Started on CPU0[0m
[0;32mI (327) main_task: Calling app_main()[0m
[0;32mI (327) gpio: GPIO[2]| InpGuru Meditation Error: Core  0 panic'ed (LoadProhibited). Exception was unhandled.

Core  0 register dump:
PC      : 0x4000c320  PS      : 0x00060333  A0      : 0x80085df1  A1      : 0x3ffb4cd0  
A2      : 0x3ffb600c  A3      : 0x00000004  A4      : 0x00000003  A5      : 0x3ffb600c  
A6      : 0x00000003  A7      : 0x00000000  A8      : 0x00000000  A9      : 0x3ffb5ff0  
A10     : 0x3ffb6010  A11     : 0x00000000  A12     : 0x3ffb67f0  A13     : 0x000007ec  
A14     : 0x3ffb5ff0  A15     : 0x3ffb4e20  SAR     : 0x0000001c  EXCCAUSE: 0x0000001c  
EXCVADDR: 0x00000004  LBEG    : 0x4000c2e0  LEND    : 0x4000c2f6  LCOUNT  : 0xffffffff  


Backtrace: 0x4000c31d:0x3ffb4cd0 0x40085dee:0x3ffb4ce0 0x40085ff0:0x3ffb4d00 0x4008614d:0x3ffb4d40 0x400d8bb0:0x3ffb4d60 0x400d94f2:0x3ffb4da0 0x400d5af3:0x3ffb4dd0 0x400d57c7:0x3ffb4e00 0x400e68c0:0x3ffb4e20 0x40087171:0x3ffb4e50




ELF file SHA256: b6372747f

Rebooting...
ets Jul 29 2019 12:21:46

rst:0xc (SW_CPU_RESET),boot:0x13 (SPI_FAST_FLASH_BOOT)
configsip: 0, SPIWP:0xee
clk_drv:0x00,q_drv:0x00,d_drv:0x00,cs0_drv:0x00,hd_drv:0x00,wp_drv:0x00
mode:DIO, clock div:2
load:0x3fff0030,len:7172
load:0x40078000,len:15540
load:0x40080400,len:4
ho 8 tail 4 room 4
load:0x40080404,len:3904
entry 0x40080640
[0;32mI (31) boot: ESP-IDF v5.2.2-dirty 2nd stage bootloader[0m
[0;32mI (31) boot: compile time Jul 12 2024 13:42:45[0m
[0;32mI (31) boot: Multicore bootloader[0m
[0;32mI (36) boot: chip revision: v3.1[0m
[0;32mI (40) boot.esp32: SPI Speed      : 40MHz[0m
[0;32mI (44) boot.esp32: SPI Mode       : DIO[0m
[0;32mI (49) boot.esp32: SPI Flash Size : 2MB[0m
[0;32mI (53) boot: Enabling RNG early entropy source...[0m
[0;32mI (59) boot: Partition Table:[0m
[0;32mI (62) boot: ## Label            Usage          Type ST Offset   Length[0m
[0;32mI (70) boot:  0 nvs              WiFi data        01 02 00009000 00006000[0m
[0;32mI (77) boot:  1 phy_init         RF data          01 01 0000f000 00001000[0m
[0;32mI (84) boot:  2 factory          factory app      00 00 00010000 00100000[0m
[0;32mI (92) boot: End of partition table[0m
[0;32mI (96) esp_image: segment 0: paddr=00010020 vaddr=3f400020 size=0b15ch ( 45404) map[0m
[0;32mI (120) esp_image: segment 1: paddr=0001b184 vaddr=3ffb0000 size=02254h (  8788) load[0m
[0;32mI (124) esp_image: segment 2: paddr=0001d3e0 vaddr=40080000 size=02c38h ( 11320) load[0m
[0;32mI (131) esp_image: segment 3: paddr=00020020 vaddr=400d0020 size=17318h ( 95000) map[0m
[0;32mI (167) esp_image: segment 4: paddr=00037340 vaddr=40082c38 size=0acc0h ( 44224) load[0m
[0;32mI (191) boot: Loaded app from partition at offset 0x10000[0m
[0;32mI (191) boot: Disabling RNG early entropy source...[0m
[0;32mI (203) cpu_start: Multicore app[0m
[0;32mI (212) cpu_start: Pro cpu start user code[0m
[0;32mI (212) cpu_start: cpu freq: 160000000 Hz[0m
[0;32mI (212) cpu_start: Application information:[0m
[0;32mI (215) cpu_start: Project name:     My_project[0m
[0;32mI (220) cpu_start: App version:      aed7665-dirty[0m
[0;32mI (225) cpu_start: Compile time:     Jul 12 2024 13:42:33[0m
[0;32mI (232) cpu_start: ELF file SHA256:  b6372747f...[0m
[0;32mI (237) cpu_start: ESP-IDF:          v5.2.2-dirty[0m
[0;32mI (242) cpu_start: Min chip rev:     v0.0[0m
[0;32mI (247) cpu_start: Max chip rev:     v3.99 [0m
[0;32mI (252) cpu_start: Chip rev:         v3.1[0m
[0;32mI (257) heap_init: Initializing. RAM available for dynamic allocation:[0m
[0;32mI (264) heap_init: At 3FFAE6E0 len 00001920 (6 KiB): DRAM[0m
[0;32mI (270) heap_init: At 3FFB2B28 len 0002D4D8 (181 KiB): DRAM[0m
[0;32mI (276) heap_init: At 3FFE0440 len 00003AE0 (14 KiB): D/IRAM[0m
[0;32mI (282) heap_init: At 3FFE4350 len 0001BCB0 (111 KiB): D/IRAM[0m
[0;32mI (289) heap_init: At 4008D8F8 len 00012708 (73 KiB): IRAM[0m
[0;32mI (296) spi_flash: detected chip: generic[0m
[0;32mI (300) spi_flash: flash io: dio[0m
[0;33mW (304) spi_flash: Detected size(4096k) larger than the size in the binary image header(2048k). Using the size in the binary image header.[0m
[0;32mI (317) main_task: Started on CPU0[0m
[0;32mI (327) main_task: Calling app_main()[0m
[0;32mI (327) gpio: GPIO[2]| InpGuru Meditation Error: Core  0 panic'ed (LoadProhibited). Exception was unhandled.

Core  0 register dump:
PC      : 0x4000c320  PS      : 0x00060333  A0      : 0x80085df1  A1      : 0x3ffb4cd0  
A2      : 0x3ffb600c  A3      : 0x00000004  A4      : 0x00000003  A5      : 0x3ffb600c  
A6      : 0x00000003  A7      : 0x00000000  A8      : 0x00000000  A9      : 0x3ffb5ff0  
A10     : 0x3ffb6010  A11     : 0x00000000  A12     : 0x3ffb67f0  A13     : 0x000007ec  
A14     : 0x3ffb5ff0  A15     : 0x3ffb4e20  SAR     : 0x0000001c  EXCCAUSE: 0x0000001c  
EXCVADDR: 0x00000004  LBEG    : 0x4000c2e0  LEND    : 0x4000c2f6  LCOUNT  : 0xffffffff  


Backtrace: 0x4000c31d:0x3ffb4cd0 0x40085dee:0x3ffb4ce0 0x40085ff0:0x3ffb4d00 0x4008614d:0x3ffb4d40 0x400d8bb0:0x3ffb4d60 0x400d94f2:0x3ffb4da0 0x400d5af3:0x3ffb4dd0 0x400d57c7:0x3ffb4e00 0x400e68c0:0x3ffb4e20 0x40087171:0x3ffb4e50




ELF file SHA256: b6372747f

Rebooting...
ets Jul 29 2019 12:21:46

rst:0xc (SW_CPU_RESET),boot:0x13 (SPI_FAST_FLASH_BOOT)
configsip: 0, SPIWP:0xee
clk_drv:0x00,q_drv:0x00,d_drv:0x00,cs0_drv:0x00,hd_drv:0x00,wp_drv:0x00
mode:DIO, clock div:2
load:0x3fff0030,len:7172
load:0x40078000,len:15540
load:0x40080400,len:4
ho 8 tail 4 room 4
load:0x40080404,len:3904
entry 0x40080640
[0;32mI (31) boot: ESP-IDF v5.2.2-dirty 2nd stage bootloader[0m
[0;32mI (31) boot: compile time Jul 12 2024 13:42:45[0m
[0;32mI (31) boot: Multicore bootloader[0m
[0;32mI (36) boot: chip revision: v3.1[0m
[0;32mI (40) boot.esp32: SPI Speed      : 40MHz[0m
[0;32mI (44) boot.esp32: SPI Mode       : DIO[0m
[0;32mI (49) boot.esp32: SPI Flash Size : 2MB[0m
[0;32mI (53) boot: Enabling RNG early entropy source...[0m
[0;32mI (59) boot: Partition Table:[0m
[0;32mI (62) boot: ## Label            Usage          Type ST Offset   Length[0m
[0;32mI (70) boot:  0 nvs              WiFi data        01 02 00009000 00006000[0m
[0;32mI (77) boot:  1 phy_init         RF data          01 01 0000f000 00001000[0m
[0;32mI (84) boot:  2 factory          factory app      00 00 00010000 00100000[0m
[0;32mI (92) boot: End of partition table[0m
[0;32mI (96) esp_image: segment 0: paddr=00010020 vaddr=3f400020 size=0b15ch ( 45404) map[0m
[0;32mI (120) esp_image: segment 1: paddr=0001b184 vaddr=3ffb0000 size=02254h (  8788) load[0m
[0;32mI (124) esp_image: segment 2: paddr=0001d3e0 vaddr=40080000 size=02c38h ( 11320) load[0m
[0;32mI (131) esp_image: segment 3: paddr=00020020 vaddr=400d0020 size=17318h ( 95000) map[0m
[0;32mI (167) esp_image: segment 4: paddr=00037340 vaddr=40082c38 size=0acc0h ( 44224) load[0m
[0;32mI (191) boot: Loaded app from partition at offset 0x10000[0m
[0;32mI (191) boot: Disabling RNG early entropy source...[0m
[0;32mI (203) cpu_start: Multicore app[0m
[0;32mI (212) cpu_start: Pro cpu start user code[0m
[0;32mI (212) cpu_start: cpu freq: 160000000 Hz[0m
[0;32mI (212) cpu_start: Application information:[0m
[0;32mI (215) cpu_start: Project name:     My_project[0m
[0;32mI (220) cpu_start: App version:      aed7665-dirty[0m
[0;32mI (225) cpu_start: Compile time:     Jul 12 2024 13:42:33[0m
[0;32mI (232) cpu_start: ELF file SHA256:  b6372747f...[0m
[0;32mI (237) cpu_start: ESP-IDF:          v5.2.2-dirty[0m
[0;32mI (242) cpu_start: Min chip rev:     v0.0[0m
[0;32mI (247) cpu_start: Max chip rev:     v3.99 [0m
[0;32mI (252) cpu_start: Chip rev:         v3.1[0m
[0;32mI (257) heap_init: Initializing. RAM available for dynamic allocation:[0m
[0;32mI (264) heap_init: At 3FFAE6E0 len 00001920 (6 KiB): DRAM[0m
[0;32mI (270) heap_init: At 3FFB2B28 len 0002D4D8 (181 KiB): DRAM[0m
[0;32mI (276) heap_init: At 3FFE0440 len 00003AE0 (14 KiB): D/IRAM[0m
[0;32mI (282) heap_init: At 3FFE4350 len 0001BCB0 (111 KiB): D/IRAM[0m
[0;32mI (289) heap_init: At 4008D8F8 len 00012708 (73 KiB): IRAM[0m
[0;32mI (296) spi_flash: detected chip: generic[0m
[0;32mI (300) spi_flash: flash io: dio[0m
[0;33mW (304) spi_flash: Detected size(4096k) larger than the size in the binary image header(2048k). Using the size in the binary image header.[0m
[0;32mI (317) main_task: Started on CPU0[0m
[0;32mI (327) main_task: Calling app_main()[0m
[0;32mI (327) gpio: GPIO[2]| InpGuru Meditation Error: Core  0 panic'ed (LoadProhibited). Exception was unhandled.

Core  0 register dump:
PC      : 0x4000c320  PS      : 0x00060333  A0      : 0x80085df1  A1      : 0x3ffb4cd0  
A2      : 0x3ffb600c  A3      : 0x00000004  A4      : 0x00000003  A5      : 0x3ffb600c  
A6      : 0x00000003  A7      : 0x00000000  A8      : 0x00000000  A9      : 0x3ffb5ff0  
A10     : 0x3ffb6010  A11     : 0x00000000  A12     : 0x3ffb67f0  A13     : 0x000007ec  
A14     : 0x3ffb5ff0  A15     : 0x3ffb4e20  SAR     : 0x0000001c  EXCCAUSE: 0x0000001c  
EXCVADDR: 0x00000004  LBEG    : 0x4000c2e0  LEND    : 0x4000c2f6  LCOUNT  : 0xffffffff  


Backtrace: 0x4000c31d:0x3ffb4cd0 0x40085dee:0x3ffb4ce0 0x40085ff0:0x3ffb4d00 0x4008614d:0x3ffb4d40 0x400d8bb0:0x3ffb4d60 0x400d94f2:0x3ffb4da0 0x400d5af3:0x3ffb4dd0 0x400d57c7:0x3ffb4e00 0x400e68c0:0x3ffb4e20 0x40087171:0x3ffb4e50




ELF file SHA256: b6372747f

Rebooting...
ets Jul 29 2019 12:21:46

rst:0xc (SW_CPU_RESET),boot:0x13 (SPI_FAST_FLASH_BOOT)
configsip: 0, SPIWP:0xee
clk_drv:0x00,q_drv:0x00,d_drv:0x00,cs0_drv:0x00,hd_drv:0x00,wp_drv:0x00
mode:DIO, clock div:2
load:0x3fff0030,len:7172
load:0x40078000,len:15540
load:0x40080400,len:4
ho 8 tail 4 room 4
load:0x40080404,len:3904
entry 0x40080640
[0;32mI (31) boot: ESP-IDF v5.2.2-dirty 2nd stage bootloader[0m
[0;32mI (31) boot: compile time Jul 12 2024 13:42:45[0m
[0;32mI (31) boot: Multicore bootloader[0m
[0;32mI (36) boot: chip revision: v3.1[0m
[0;32mI (40) boot.esp32: SPI Speed      : 40MHz[0m
[0;32mI (44) boot.esp32: SPI Mode       : DIO[0m
[0;32mI (49) boot.esp32: SPI Flash Size : 2MB[0m
[0;32mI (53) boot: Enabling RNG early entropy source...[0m
[0;32mI (59) boot: Partition Table:[0m
[0;32mI (62) boot: ## Label            Usage          Type ST Offset   Length[0m
[0;32mI (70) boot:  0 nvs              WiFi data        01 02 00009000 00006000[0m
[0;32mI (77) boot:  1 phy_init         RF data          01 01 0000f000 00001000[0m
[0;32mI (84) boot:  2 factory          factory app      00 00 00010000 00100000[0m
[0;32mI (92) boot: End of partition table[0m
[0;32mI (96) esp_image: segment 0: paddr=00010020 vaddr=3f400020 size=0b15ch ( 45404) map[0m
[0;32mI (120) esp_image: segment 1: paddr=0001b184 vaddr=3ffb0000 size=02254h (  8788) load[0m
[0;32mI (124) esp_image: segment 2: paddr=0001d3e0 vaddr=40080000 size=02c38h ( 11320) load[0m
[0;32mI (131) esp_image: segment 3: paddr=00020020 vaddr=400d0020 size=17318h ( 95000) map[0m
[0;32mI (167) esp_image: segment 4: paddr=00037340 vaddr=40082c38 size=0acc0h ( 44224) load[0m
[0;32mI (191) boot: Loaded app from partition at offset 0x10000[0m
[0;32mI (191) boot: Disabling RNG early entropy source...[0m
[0;32mI (203) cpu_start: Multicore app[0m
[0;32mI (212) cpu_start: Pro cpu start user code[0m
[0;32mI (212) cpu_start: cpu freq: 160000000 Hz[0m
[0;32mI (212) cpu_start: Application information:[0m
[0;32mI (215) cpu_start: Project name:     My_project[0m
[0;32mI (220) cpu_start: App version:      aed7665-dirty[0m
[0;32mI (225) cpu_start: Compile time:     Jul 12 2024 13:42:33[0m
[0;32mI (232) cpu_start: ELF file SHA256:  b6372747f...[0m
[0;32mI (237) cpu_start: ESP-IDF:          v5.2.2-dirty[0m
[0;32mI (242) cpu_start: Min chip rev:     v0.0[0m
[0;32mI (247) cpu_start: Max chip rev:     v3.99 [0m
[0;32mI (252) cpu_start: Chip rev:         v3.1[0m
[0;32mI (257) heap_init: Initializing. RAM available for dynamic allocation:[0m
[0;32mI (264) heap_init: At 3FFAE6E0 len 00001920 (6 KiB): DRAM[0m
[0;32mI (270) heap_init: At 3FFB2B28 len 0002D4D8 (181 KiB): DRAM[0m
[0;32mI (276) heap_init: At 3FFE0440 len 00003AE0 (14 KiB): D/IRAM[0m
[0;32mI (282) heap_init: At 3FFE4350 len 0001BCB0 (111 KiB): D/IRAM[0m
[0;32mI (289) heap_init: At 4008D8F8 len 00012708 (73 KiB): IRAM[0m
[0;32mI (297) spi_flash: detected chip: generic[0m
[0;32mI (300) spi_flash: flash io: dio[0m
[0;33mW (304) spi_flash: Detected size(4096k) larger than the size in the binary image header(2048k). Using the size in the binary image header.[0m
[0;32mI (317) main_task: Started on CPU0[0m
[0;32mI (327) main_task: Calling app_main()[0m
[0;32mI (327) gpio: GPIO[2]| InpGuru Meditation Error: Core  0 panic'ed (LoadProhibited). Exception was unhandled.

Core  0 register dump:
PC      : 0x4000c320  PS      : 0x00060333  A0      : 0x80085df1  A1      : 0x3ffb4cd0  
A2      : 0x3ffb600c  A3      : 0x00000004  A4      : 0x00000003  A5      : 0x3ffb600c  
A6      : 0x00000003  A7      : 0x00000000  A8      : 0x00000000  A9      : 0x3ffb5ff0  
A10     : 0x3ffb6010  A11     : 0x00000000  A12     : 0x3ffb67f0  A13     : 0x000007ec  
A14     : 0x3ffb5ff0  A15     : 0x3ffb4e20  SAR     : 0x0000001c  EXCCAUSE: 0x0000001c  
EXCVADDR: 0x00000004  LBEG    : 0x4000c2e0  LEND    : 0x4000c2f6  LCOUNT  : 0xffffffff  


Backtrace: 0x4000c31d:0x3ffb4cd0 0x40085dee:0x3ffb4ce0 0x40085ff0:0x3ffb4d00 0x4008614d:0x3ffb4d40 0x400d8bb0:0x3ffb4d60 0x400d94f2:0x3ffb4da0 0x400d5af3:0x3ffb4dd0 0x400d57c7:0x3ffb4e00 0x400e68c0:0x3ffb4e20 0x40087171:0x3ffb4e50




ELF file SHA256: b6372747f

Rebooting...
ets Jul 29 2019 12:21:46

rst:0xc (SW_CPU_RESET),boot:0x13 (SPI_FAST_FLASH_BOOT)
configsip: 0, SPIWP:0xee
clk_drv:0x00,q_drv:0x00,d_drv:0x00,cs0_drv:0x00,hd_drv:0x00,wp_drv:0x00
mode:DIO, clock div:2
load:0x3fff0030,len:7172
load:0x40078000,len:15540
load:0x40080400,len:4
ho 8 tail 4 room 4
load:0x40080404,len:3904
entry 0x40080640
[0;32mI (31) boot: ESP-IDF v5.2.2-dirty 2nd stage bootloader[0m
[0;32mI (31) boot: compile time Jul 12 2024 13:42:45[0m
[0;32mI (31) boot: Multicore bootloader[0m
[0;32mI (36) boot: chip revision: v3.1[0m
[0;32mI (40) boot.esp32: SPI Speed      : 40MHz[0m
[0;32mI (44) boot.esp32: SPI Mode       : DIO[0m
[0;32mI (49) boot.esp32: SPI Flash Size : 2MB[0m
[0;32mI (53) boot: Enabling RNG early entropy source...[0m
[0;32mI (59) boot: Partition Table:[0m
[0;32mI (62) boot: ## Label            Usage          Type ST Offset   Length[0m
[0;32mI (70) boot:  0 nvs              WiFi data        01 02 00009000 00006000[0m
[0;32mI (77) boot:  1 phy_init         RF data          01 01 0000f000 00001000[0m
[0;32mI (84) boot:  2 factory          factory app      00 00 00010000 00100000[0m
[0;32mI (92) boot: End of partition table[0m
[0;32mI (96) esp_image: segment 0: paddr=00010020 vaddr=3f400020 size=0b15ch ( 45404) map[0m
[0;32mI (120) esp_image: segment 1: paddr=0001b184 vaddr=3ffb0000 size=02254h (  8788) load[0m
[0;32mI (124) esp_image: segment 2: paddr=0001d3e0 vaddr=40080000 size=02c38h ( 11320) load[0m
[0;32mI (131) esp_image: segment 3: paddr=00020020 vaddr=400d0020 size=17318h ( 95000) map[0m
[0;32mI (167) esp_image: segment 4: paddr=00037340 vaddr=40082c38 size=0acc0h ( 44224) load[0m
[0;32mI (191) boot: Loaded app from partition at offset 0x10000[0m
[0;32mI (191) boot: Disabling RNG early entropy source...[0m
[0;32mI (203) cpu_start: Multicore app[0m
[0;32mI (212) cpu_start: Pro cpu start user code[0m
[0;32mI (212) cpu_start: cpu freq: 160000000 Hz[0m
[0;32mI (212) cpu_start: Application information:[0m
[0;32mI (215) cpu_start: Project name:     My_project[0m
[0;32mI (220) cpu_start: App version:      aed7665-dirty[0m
[0;32mI (225) cpu_start: Compile time:     Jul 12 2024 13:42:33[0m
[0;32mI (232) cpu_start: ELF file SHA256:  b6372747f...[0m
[0;32mI (237) cpu_start: ESP-IDF:          v5.2.2-dirty[0m
[0;32mI (242) cpu_start: Min chip rev:     v0.0[0m
[0;32mI (247) cpu_start: Max chip rev:     v3.99 [0m
[0;32mI (252) cpu_start: Chip rev:         v3.1[0m
[0;32mI (257) heap_init: Initializing. RAM available for dynamic allocation:[0m
[0;32mI (264) heap_init: At 3FFAE6E0 len 00001920 (6 KiB): DRAM[0m
[0;32mI (270) heap_init: At 3FFB2B28 len 0002D4D8 (181 KiB): DRAM[0m
[0;32mI (276) heap_init: At 3FFE0440 len 00003AE0 (14 KiB): D/IRAM[0m
[0;32mI (282) heap_init: At 3FFE4350 len 0001BCB0 (111 KiB): D/IRAM[0m
[0;32mI (289) heap_init: At 4008D8F8 len 00012708 (73 KiB): IRAM[0m
[0;32mI (296) spi_flash: detected chip: generic[0m
[0;32mI (300) spi_flash: flash io: dio[0m
[0;33mW (304) spi_flash: Detected size(4096k) larger than the size in the binary image header(2048k). Using the size in the binary image header.[0m
[0;32mI (317) main_task: Started on CPU0[0m
[0;32mI (327) main_task: Calling app_main()[0m
[0;32mI (327) gpio: GPIO[2]| InpGuru Meditation Error: Core  0 panic'ed (LoadProhibited). Exception was unhandled.

Core  0 register dump:
PC      : 0x4000c320  PS      : 0x00060333  A0      : 0x80085df1  A1      : 0x3ffb4cd0  
A2      : 0x3ffb600c  A3      : 0x00000004  A4      : 0x00000003  A5      : 0x3ffb600c  
A6      : 0x00000003  A7      : 0x00000000  A8      : 0x00000000  A9      : 0x3ffb5ff0  
A10     : 0x3ffb6010  A11     : 0x00000000  A12     : 0x3ffb67f0  A13     : 0x000007ec  
A14     : 0x3ffb5ff0  A15     : 0x3ffb4e20  SAR     : 0x0000001c  EXCCAUSE: 0x0000001c  
EXCVADDR: 0x00000004  LBEG    : 0x4000c2e0  LEND    : 0x4000c2f6  LCOUNT  : 0xffffffff  


Backtrace: 0x4000c31d:0x3ffb4cd0 0x40085dee:0x3ffb4ce0 0x40085ff0:0x3ffb4d00 0x4008614d:0x3ffb4d40 0x400d8bb0:0x3ffb4d60 0x400d94f2:0x3ffb4da0 0x400d5af3:0x3ffb4dd0 0x400d57c7:0x3ffb4e00 0x400e68c0:0x3ffb4e20 0x40087171:0x3ffb4e50




ELF file SHA256: b6372747f

Rebooting...
ets Jul 29 2019 12:21:46

rst:0xc (SW_CPU_RESET),boot:0x13 (SPI_FAST_FLASH_BOOT)
configsip: 0, SPIWP:0xee
clk_drv:0x00,q_drv:0x00,d_drv:0x00,cs0_drv:0x00,hd_drv:0x00,wp_drv:0x00
mode:DIO, clock div:2
load:0x3fff0030,len:7172
load:0x40078000,len:15540
load:0x40080400,len:4
ho 8 tail 4 room 4
load:0x40080404,len:3904
entry 0x40080640
[0;32mI (31) boot: ESP-IDF v5.2.2-dirty 2nd stage bootloader[0m
[0;32mI (31) boot: compile time Jul 12 2024 13:42:45[0m
[0;32mI (31) boot: Multicore bootloader[0m
[0;32mI (36) boot: chip revision: v3.1[0m
[0;32mI (40) boot.esp32: SPI Speed      : 40MHz[0m
[0;32mI (44) boot.esp32: SPI Mode       : DIO[0m
[0;32mI (49) boot.esp32: SPI Flash Size : 2MB[0m
[0;32mI (53) boot: Enabling RNG early entropy source...[0m
[0;32mI (59) boot: Partition Table:[0m
[0;32mI (62) boot: ## Label            Usage          Type ST Offset   Length[0m
[0;32mI (70) boot:  0 nvs              WiFi data        01 02 00009000 00006000[0m
[0;32mI (77) boot:  1 phy_init         RF data          01 01 0000f000 00001000[0m
[0;32mI (84) boot:  2 factory          factory app      00 00 00010000 00100000[0m
[0;32mI (92) boot: End of partition table[0m
[0;32mI (96) esp_image: segment 0: paddr=00010020 vaddr=3f400020 size=0b15ch ( 45404) map[0m
[0;32mI (120) esp_image: segment 1: paddr=0001b184 vaddr=3ffb0000 size=02254h (  8788) load[0m
[0;32mI (124) esp_image: segment 2: paddr=0001d3e0 vaddr=40080000 size=02c38h ( 11320) load[0m
[0;32mI (131) esp_image: segment 3: paddr=00020020 vaddr=400d0020 size=17318h ( 95000) map[0m
[0;32mI (167) esp_image: segment 4: paddr=00037340 vaddr=40082c38 size=0acc0h ( 44224) load[0m
[0;32mI (191) boot: Loaded app from partition at offset 0x10000[0m
[0;32mI (191) boot: Disabling RNG early entropy source...[0m
[0;32mI (203) cpu_start: Multicore app[0m
[0;32mI (212) cpu_start: Pro cpu start user code[0m
[0;32mI (212) cpu_start: cpu freq: 160000000 Hz[0m
[0;32mI (212) cpu_start: Application information:[0m
[0;32mI (215) cpu_start: Project name:     My_project[0m
[0;32mI (220) cpu_start: App version:      aed7665-dirty[0m
[0;32mI (225) cpu_start: Compile time:     Jul 12 2024 13:42:33[0m
[0;32mI (232) cpu_start: ELF file SHA256:  b6372747f...[0m
[0;32mI (237) cpu_start: ESP-IDF:          v5.2.2-dirty[0m
[0;32mI (242) cpu_start: Min chip rev:     v0.0[0m
[0;32mI (247) cpu_start: Max chip rev:     v3.99 [0m
[0;32mI (252) cpu_start: Chip rev:         v3.1[0m
[0;32mI (257) heap_init: Initializing. RAM available for dynamic allocation:[0m
[0;32mI (264) heap_init: At 3FFAE6E0 len 00001920 (6 KiB): DRAM[0m
[0;32mI (270) heap_init: At 3FFB2B28 len 0002D4D8 (181 KiB): DRAM[0m
[0;32mI (276) heap_init: At 3FFE0440 len 00003AE0 (14 KiB): D/IRAM[0m
[0;32mI (282) heap_init: At 3FFE4350 len 0001BCB0 (111 KiB): D/IRAM[0m
[0;32mI (289) heap_init: At 4008D8F8 len 00012708 (73 KiB): IRAM[0m
[0;32mI (297) spi_flash: detected chip: generic[0m
[0;32mI (300) spi_flash: flash io: dio[0m
[0;33mW (304) spi_flash: Detected size(4096k) larger than the size in the binary image header(2048k). Using the size in the binary image header.[0m
[0;32mI (317) main_task: Started on CPU0[0m
[0;32mI (327) main_task: Calling app_main()[0m
[0;32mI (327) gpio: GPIO[2]| InpGuru Meditation Error: Core  0 panic'ed (LoadProhibited). Exception was unhandled.

Core  0 register dump:
PC      : 0x4000c320  PS      : 0x00060333  A0      : 0x80085df1  A1      : 0x3ffb4cd0  
A2      : 0x3ffb600c  A3      : 0x00000004  A4      : 0x00000003  A5      : 0x3ffb600c  
A6      : 0x00000003  A7      : 0x00000000  A8      : 0x00000000  A9      : 0x3ffb5ff0  
A10     : 0x3ffb6010  A11     : 0x00000000  A12     : 0x3ffb67f0  A13     : 0x000007ec  
A14     : 0x3ffb5ff0  A15     : 0x3ffb4e20  SAR     : 0x0000001c  EXCCAUSE: 0x0000001c  
EXCVADDR: 0x00000004  LBEG    : 0x4000c2e0  LEND    : 0x4000c2f6  LCOUNT  : 0xffffffff  


Backtrace: 0x4000c31d:0x3ffb4cd0 0x40085dee:0x3ffb4ce0 0x40085ff0:0x3ffb4d00 0x4008614d:0x3ffb4d40 0x400d8bb0:0x3ffb4d60 0x400d94f2:0x3ffb4da0 0x400d5af3:0x3ffb4dd0 0x400d57c7:0x3ffb4e00 0x400e68c0:0x3ffb4e20 0x40087171:0x3ffb4e50




ELF file SHA256: b6372747f

Rebooting...
ets Jul 29 2019 12:21:46

rst:0xc (SW_CPU_RESET),boot:0x13 (SPI_FAST_FLASH_BOOT)
configsip: 0, SPIWP:0xee
clk_drv:0x00,q_drv:0x00,d_drv:0x00,cs0_drv:0x00,hd_drv:0x00,wp_drv:0x00
mode:DIO, clock div:2
load:0x3fff0030,len:7172
load:0x40078000,len:15540
load:0x40080400,len:4
ho 8 tail 4 room 4
load:0x40080404,len:3904
entry 0x40080640
[0;32mI (31) boot: ESP-IDF v5.2.2-dirty 2nd stage bootloader[0m
[0;32mI (31) boot: compile time Jul 12 2024 13:42:45[0m
[0;32mI (31) boot: Multicore bootloader[0m
[0;32mI (36) boot: chip revision: v3.1[0m
[0;32mI (40) boot.esp32: SPI Speed      : 40MHz[0m
[0;32mI (44) boot.esp32: SPI Mode       : DIO[0m
[0;32mI (49) boot.esp32: SPI Flash Size : 2MB[0m
[0;32mI (53) boot: Enabling RNG early entropy source...[0m
[0;32mI (59) boot: Partition Table:[0m
[0;32mI (62) boot: ## Label            Usage          Type ST Offset   Length[0m
[0;32mI (70) boot:  0 nvs              WiFi data        01 02 00009000 00006000[0m
[0;32mI (77) boot:  1 phy_init         RF data          01 01 0000f000 00001000[0m
[0;32mI (84) boot:  2 factory          factory app      00 00 00010000 00100000[0m
[0;32mI (92) boot: End of partition table[0m
[0;32mI (96) esp_image: segment 0: paddr=00010020 vaddr=3f400020 size=0b15ch ( 45404) map[0m
[0;32mI (120) esp_image: segment 1: paddr=0001b184 vaddr=3ffb0000 size=02254h (  8788) load[0m
[0;32mI (124) esp_image: segment 2: paddr=0001d3e0 vaddr=40080000 size=02c38h ( 11320) load[0m
[0;32mI (131) esp_image: segment 3: paddr=00020020 vaddr=400d0020 size=17318h ( 95000) map[0m
[0;32mI (167) esp_image: segment 4: paddr=00037340 vaddr=40082c38 size=0acc0h ( 44224) load[0m
[0;32mI (191) boot: Loaded app from partition at offset 0x10000[0m
[0;32mI (191) boot: Disabling RNG early entropy source...[0m
[0;32mI (203) cpu_start: Multicore app[0m
[0;32mI (212) cpu_start: Pro cpu start user code[0m
[0;32mI (212) cpu_start: cpu freq: 160000000 Hz[0m
[0;32mI (212) cpu_start: Application information:[0m
[0;32mI (215) cpu_start: Project name:     My_project[0m
[0;32mI (220) cpu_start: App version:      aed7665-dirty[0m
[0;32mI (225) cpu_start: Compile time:     Jul 12 2024 13:42:33[0m
[0;32mI (232) cpu_start: ELF file SHA256:  b6372747f...[0m
[0;32mI (237) cpu_start: ESP-IDF:          v5.2.2-dirty[0m
[0;32mI (242) cpu_start: Min chip rev:     v0.0[0m
[0;32mI (247) cpu_start: Max chip rev:     v3.99 [0m
[0;32mI (252) cpu_start: Chip rev:         v3.1[0m
[0;32mI (257) heap_init: Initializing. RAM available for dynamic allocation:[0m
[0;32mI (264) heap_init: At 3FFAE6E0 len 00001920 (6 KiB): DRAM[0m
[0;32mI (270) heap_init: At 3FFB2B28 len 0002D4D8 (181 KiB): DRAM[0m
[0;32mI (276) heap_init: At 3FFE0440 len 00003AE0 (14 KiB): D/IRAM[0m
[0;32mI (282) heap_init: At 3FFE4350 len 0001BCB0 (111 KiB): D/IRAM[0m
[0;32mI (289) heap_init: At 4008D8F8 len 00012708 (73 KiB): IRAM[0m
[0;32mI (297) spi_flash: detected chip: generic[0m
[0;32mI (300) spi_flash: flash io: dio[0m
[0;33mW (304) spi_flash: Detected size(4096k) larger than the size in the binary image header(2048k). Using the size in the binary image header.[0m
[0;32mI (317) main_task: Started on CPU0[0m
[0;32mI (327) main_task: Calling app_main()[0m
[0;32mI (327) gpio: GPIO[2]| InpGuru Meditation Error: Core  0 panic'ed (LoadProhibited). Exception was unhandled.

Core  0 register dump:
PC      : 0x4000c320  PS      : 0x00060333  A0      : 0x80085df1  A1      : 0x3ffb4cd0  
A2      : 0x3ffb600c  A3      : 0x00000004  A4      : 0x00000003  A5      : 0x3ffb600c  
A6      : 0x00000003  A7      : 0x00000000  A8      : 0x00000000  A9      : 0x3ffb5ff0  
A10     : 0x3ffb6010  A11     : 0x00000000  A12     : 0x3ffb67f0  A13     : 0x000007ec  
A14     : 0x3ffb5ff0  A15     : 0x3ffb4e20  SAR     : 0x0000001c  EXCCAUSE: 0x0000001c  
EXCVADDR: 0x00000004  LBEG    : 0x4000c2e0  LEND    : 0x4000c2f6  LCOUNT  : 0xffffffff  


Backtrace: 0x4000c31d:0x3ffb4cd0 0x40085dee:0x3ffb4ce0 0x40085ff0:0x3ffb4d00 0x4008614d:0x3ffb4d40 0x400d8bb0:0x3ffb4d60 0x400d94f2:0x3ffb4da0 0x400d5af3:0x3ffb4dd0 0x400d57c7:0x3ffb4e00 0x400e68c0:0x3ffb4e20 0x40087171:0x3ffb4e50




ELF file SHA256: b6372747f

Rebooting...
ets Jul 29 2019 12:21:46

rst:0xc (SW_CPU_RESET),boot:0x13 (SPI_FAST_FLASH_BOOT)
configsip: 0, SPIWP:0xee
clk_drv:0x00,q_drv:0x00,d_drv:0x00,cs0_drv:0x00,hd_drv:0x00,wp_drv:0x00
mode:DIO, clock div:2
load:0x3fff0030,len:7172
load:0x40078000,len:15540
load:0x40080400,len:4
ho 8 tail 4 room 4
load:0x40080404,len:3904
entry 0x40080640
[0;32mI (31) boot: ESP-IDF v5.2.2-dirty 2nd stage bootloader[0m
[0;32mI (31) boot: compile time Jul 12 2024 13:42:45[0m
[0;32mI (31) boot: Multicore bootloader[0m
[0;32mI (36) boot: chip revision: v3.1[0m
[0;32mI (40) boot.esp32: SPI Speed      : 40MHz[0m
[0;32mI (44) boot.esp32: SPI Mode       : DIO[0m
[0;32mI (49) boot.esp32: SPI Flash Size : 2MB[0m
[0;32mI (53) boot: Enabling RNG early entropy source...[0m
[0;32mI (59) boot: Partition Table:[0m
[0;32mI (62) boot: ## Label            Usage          Type ST Offset   Length[0m
[0;32mI (70) boot:  0 nvs              WiFi data        01 02 00009000 00006000[0m
[0;32mI (77) boot:  1 phy_init         RF data          01 01 0000f000 00001000[0m
[0;32mI (84) boot:  2 factory          factory app      00 00 00010000 00100000[0m
[0;32mI (92) boot: End of partition table[0m
[0;32mI (96) esp_image: segment 0: paddr=00010020 vaddr=3f400020 size=0b15ch ( 45404) map[0m
[0;32mI (120) esp_image: segment 1: paddr=0001b184 vaddr=3ffb0000 size=02254h (  8788) load[0m
[0;32mI (124) esp_image: segment 2: paddr=0001d3e0 vaddr=40080000 size=02c38h ( 11320) load[0m
[0;32mI (131) esp_image: segment 3: paddr=00020020 vaddr=400d0020 size=17318h ( 95000) map[0m
[0;32mI (167) esp_image: segment 4: paddr=00037340 vaddr=40082c38 size=0acc0h ( 44224) load[0m
[0;32mI (191) boot: Loaded app from partition at offset 0x10000[0m
[0;32mI (191) boot: Disabling RNG early entropy source...[0m
[0;32mI (203) cpu_start: Multicore app[0m
[0;32mI (212) cpu_start: Pro cpu start user code[0m
[0;32mI (212) cpu_start: cpu freq: 160000000 Hz[0m
[0;32mI (212) cpu_start: Application information:[0m
[0;32mI (215) cpu_start: Project name:     My_project[0m
[0;32mI (220) cpu_start: App version:      aed7665-dirty[0m
[0;32mI (225) cpu_start: Compile time:     Jul 12 2024 13:42:33[0m
[0;32mI (232) cpu_start: ELF file SHA256:  b6372747f...[0m
[0;32mI (237) cpu_start: ESP-IDF:          v5.2.2-dirty[0m
[0;32mI (242) cpu_start: Min chip rev:     v0.0[0m
[0;32mI (247) cpu_start: Max chip rev:     v3.99 [0m
[0;32mI (252) cpu_start: Chip rev:         v3.1[0m
[0;32mI (257) heap_init: Initializing. RAM available for dynamic allocation:[0m
[0;32mI (264) heap_init: At 3FFAE6E0 len 00001920 (6 KiB): DRAM[0m
[0;32mI (270) heap_init: At 3FFB2B28 len 0002D4D8 (181 KiB): DRAM[0m
[0;32mI (276) heap_init: At 3FFE0440 len 00003AE0 (14 KiB): D/IRAM[0m
[0;32mI (282) heap_init: At 3FFE4350 len 0001BCB0 (111 KiB): D/IRAM[0m
[0;32mI (289) heap_init: At 4008D8F8 len 00012708 (73 KiB): IRAM[0m
[0;32mI (297) spi_flash: detected chip: generic[0m
[0;32mI (300) spi_flash: flash io: dio[0m
[0;33mW (304) spi_flash: Detected size(4096k) larger than the size in the binary image header(2048k). Using the size in the binary image header.[0m
[0;32mI (317) main_task: Started on CPU0[0m
[0;32mI (327) main_task: Calling app_main()[0m
[0;32mI (327) gpio: GPIO[2]| InpGuru Meditation Error: Core  0 panic'ed (LoadProhibited). Exception was unhandled.

Core  0 register dump:
PC      : 0x4000c320  PS      : 0x00060333  A0      : 0x80085df1  A1      : 0x3ffb4cd0  
A2      : 0x3ffb600c  A3      : 0x00000004  A4      : 0x00000003  A5      : 0x3ffb600c  
A6      : 0x00000003  A7      : 0x00000000  A8      : 0x00000000  A9      : 0x3ffb5ff0  
A10     : 0x3ffb6010  A11     : 0x00000000  A12     : 0x3ffb67f0  A13     : 0x000007ec  
A14     : 0x3ffb5ff0  A15     : 0x3ffb4e20  SAR     : 0x0000001c  EXCCAUSE: 0x0000001c  
EXCVADDR: 0x00000004  LBEG    : 0x4000c2e0  LEND    : 0x4000c2f6  LCOUNT  : 0xffffffff  


Backtrace: 0x4000c31d:0x3ffb4cd0 0x40085dee:0x3ffb4ce0 0x40085ff0:0x3ffb4d00 0x4008614d:0x3ffb4d40 0x400d8bb0:0x3ffb4d60 0x400d94f2:0x3ffb4da0 0x400d5af3:0x3ffb4dd0 0x400d57c7:0x3ffb4e00 0x400e68c0:0x3ffb4e20 0x40087171:0x3ffb4e50




ELF file SHA256: b6372747f

Rebooting...
ets Jul 29 2019 12:21:46

rst:0xc (SW_CPU_RESET),boot:0x13 (SPI_FAST_FLASH_BOOT)
configsip: 0, SPIWP:0xee
clk_drv:0x00,q_drv:0x00,d_drv:0x00,cs0_drv:0x00,hd_drv:0x00,wp_drv:0x00
mode:DIO, clock div:2
load:0x3fff0030,len:7172
load:0x40078000,len:15540
load:0x40080400,len:4
ho 8 tail 4 room 4
load:0x40080404,len:3904
entry 0x40080640
[0;32mI (31) boot: ESP-IDF v5.2.2-dirty 2nd stage bootloader[0m
[0;32mI (31) boot: compile time Jul 12 2024 13:42:45[0m
[0;32mI (31) boot: Multicore bootloader[0m
[0;32mI (36) boot: chip revision: v3.1[0m
[0;32mI (40) boot.esp32: SPI Speed      : 40MHz[0m
[0;32mI (44) boot.esp32: SPI Mode       : DIO[0m
[0;32mI (49) boot.esp32: SPI Flash Size : 2MB[0m
[0;32mI (53) boot: Enabling RNG early entropy source...[0m
[0;32mI (59) boot: Partition Table:[0m
[0;32mI (62) boot: ## Label            Usage          Type ST Offset   Length[0m
[0;32mI (70) boot:  0 nvs              WiFi data        01 02 00009000 00006000[0m
[0;32mI (77) boot:  1 phy_init         RF data          01 01 0000f000 00001000[0m
[0;32mI (84) boot:  2 factory          factory app      00 00 00010000 00100000[0m
[0;32mI (92) boot: End of partition table[0m
[0;32mI (96) esp_image: segment 0: paddr=00010020 vaddr=3f400020 size=0b15ch ( 45404) map[0m
[0;32mI (120) esp_image: segment 1: paddr=0001b184 vaddr=3ffb0000 size=02254h (  8788) load[0m
[0;32mI (124) esp_image: segment 2: paddr=0001d3e0 vaddr=40080000 size=02c38h ( 11320) load[0m
[0;32mI (131) esp_image: segment 3: paddr=00020020 vaddr=400d0020 size=17318h ( 95000) map[0m
[0;32mI (167) esp_image: segment 4: paddr=00037340 vaddr=40082c38 size=0acc0h ( 44224) load[0m
[0;32mI (191) boot: Loaded app from partition at offset 0x10000[0m
[0;32mI (191) boot: Disabling RNG early entropy source...[0m
[0;32mI (203) cpu_start: Multicore app[0m
[0;32mI (212) cpu_start: Pro cpu start user code[0m
[0;32mI (212) cpu_start: cpu freq: 160000000 Hz[0m
[0;32mI (212) cpu_start: Application information:[0m
[0;32mI (215) cpu_start: Project name:     My_project[0m
[0;32mI (220) cpu_start: App version:      aed7665-dirty[0m
[0;32mI (225) cpu_start: Compile time:     Jul 12 2024 13:42:33[0m
[0;32mI (232) cpu_start: ELF file SHA256:  b6372747f...[0m
[0;32mI (237) cpu_start: ESP-IDF:          v5.2.2-dirty[0m
[0;32mI (242) cpu_start: Min chip rev:     v0.0[0m
[0;32mI (247) cpu_start: Max chip rev:     v3.99 [0m
[0;32mI (252) cpu_start: Chip rev:         v3.1[0m
[0;32mI (257) heap_init: Initializing. RAM available for dynamic allocation:[0m
[0;32mI (264) heap_init: At 3FFAE6E0 len 00001920 (6 KiB): DRAM[0m
[0;32mI (270) heap_init: At 3FFB2B28 len 0002D4D8 (181 KiB): DRAM[0m
[0;32mI (276) heap_init: At 3FFE0440 len 00003AE0 (14 KiB): D/IRAM[0m
[0;32mI (282) heap_init: At 3FFE4350 len 0001BCB0 (111 KiB): D/IRAM[0m
[0;32mI (289) heap_init: At 4008D8F8 len 00012708 (73 KiB): IRAM[0m
[0;32mI (297) spi_flash: detected chip: generic[0m
[0;32mI (300) spi_flash: flash io: dio[0m
[0;33mW (304) spi_flash: Detected size(4096k) larger than the size in the binary image header(2048k). Using the size in the binary image header.[0m
[0;32mI (317) main_task: Started on CPU0[0m
[0;32mI (327) main_task: Calling app_main()[0m
[0;32mI (327) gpio: GPIO[2]| InpGuru Meditation Error: Core  0 panic'ed (LoadProhibited). Exception was unhandled.

Core  0 register dump:
PC      : 0x4000c320  PS      : 0x00060333  A0      : 0x80085df1  A1      : 0x3ffb4cd0  
A2      : 0x3ffb600c  A3      : 0x00000004  A4      : 0x00000003  A5      : 0x3ffb600c  
A6      : 0x00000003  A7      : 0x00000000  A8      : 0x00000000  A9      : 0x3ffb5ff0  
A10     : 0x3ffb6010  A11     : 0x00000000  A12     : 0x3ffb67f0  A13     : 0x000007ec  
A14     : 0x3ffb5ff0  A15     : 0x3ffb4e20  SAR     : 0x0000001c  EXCCAUSE: 0x0000001c  
EXCVADDR: 0x00000004  LBEG    : 0x4000c2e0  LEND    : 0x4000c2f6  LCOUNT  : 0xffffffff  


Backtrace: 0x4000c31d:0x3ffb4cd0 0x40085dee:0x3ffb4ce0 0x40085ff0:0x3ffb4d00 0x4008614d:0x3ffb4d40 0x400d8bb0:0x3ffb4d60 0x400d94f2:0x3ffb4da0 0x400d5af3:0x3ffb4dd0 0x400d57c7:0x3ffb4e00 0x400e68c0:0x3ffb4e20 0x40087171:0x3ffb4e50




ELF file SHA256: b6372747f

Rebooting...
ets Jul 29 2019 12:21:46

rst:0xc (SW_CPU_RESET),boot:0x13 (SPI_FAST_FLASH_BOOT)
configsip: 0, SPIWP:0xee
clk_drv:0x00,q_drv:0x00,d_drv:0x00,cs0_drv:0x00,hd_drv:0x00,wp_drv:0x00
mode:DIO, clock div:2
load:0x3fff0030,len:7172
load:0x40078000,len:15540
load:0x40080400,len:4
ho 8 tail 4 room 4
load:0x40080404,len:3904
entry 0x40080640
[0;32mI (31) boot: ESP-IDF v5.2.2-dirty 2nd stage bootloader[0m
[0;32mI (31) boot: compile time Jul 12 2024 13:42:45[0m
[0;32mI (31) boot: Multicore bootloader[0m
[0;32mI (36) boot: chip revision: v3.1[0m
[0;32mI (40) boot.esp32: SPI Speed      : 40MHz[0m
[0;32mI (44) boot.esp32: SPI Mode       : DIO[0m
[0;32mI (49) boot.esp32: SPI Flash Size : 2MB[0m
[0;32mI (53) boot: Enabling RNG early entropy source...[0m
[0;32mI (59) boot: Partition Table:[0m
[0;32mI (62) boot: ## Label            Usage          Type ST Offset   Length[0m
[0;32mI (70) boot:  0 nvs              WiFi data        01 02 00009000 00006000[0m
[0;32mI (77) boot:  1 phy_init         RF data          01 01 0000f000 00001000[0m
[0;32mI (84) boot:  2 factory          factory app      00 00 00010000 00100000[0m
[0;32mI (92) boot: End of partition table[0m
[0;32mI (96) esp_image: segment 0: paddr=00010020 vaddr=3f400020 size=0b15ch ( 45404) map[0m
[0;32mI (120) esp_image: segment 1: paddr=0001b184 vaddr=3ffb0000 size=02254h (  8788) load[0m
[0;32mI (124) esp_image: segment 2: paddr=0001d3e0 vaddr=40080000 size=02c38h ( 11320) load[0m
[0;32mI (131) esp_image: segment 3: paddr=00020020 vaddr=400d0020 size=17318h ( 95000) map[0m
[0;32mI (167) esp_image: segment 4: paddr=00037340 vaddr=40082c38 size=0acc0h ( 44224) load[0m
[0;32mI (191) boot: Loaded app from partition at offset 0x10000[0m
[0;32mI (191) boot: Disabling RNG early entropy source...[0m
[0;32mI (203) cpu_start: Multicore app[0m
[0;32mI (212) cpu_start: Pro cpu start user code[0m
[0;32mI (212) cpu_start: cpu freq: 160000000 Hz[0m
[0;32mI (212) cpu_start: Application information:[0m
[0;32mI (215) cpu_start: Project name:     My_project[0m
[0;32mI (220) cpu_start: App version:      aed7665-dirty[0m
[0;32mI (225) cpu_start: Compile time:     Jul 12 2024 13:42:33[0m
[0;32mI (232) cpu_start: ELF file SHA256:  b6372747f...[0m
[0;32mI (237) cpu_start: ESP-IDF:          v5.2.2-dirty[0m
[0;32mI (242) cpu_start: Min chip rev:     v0.0[0m
[0;32mI (247) cpu_start: Max chip rev:     v3.99 [0m
[0;32mI (252) cpu_start: Chip rev:         v3.1[0m
[0;32mI (257) heap_init: Initializing. RAM available for dynamic allocation:[0m
[0;32mI (264) heap_init: At 3FFAE6E0 len 00001920 (6 KiB): DRAM[0m
[0;32mI (270) heap_init: At 3FFB2B28 len 0002D4D8 (181 KiB): DRAM[0m
[0;32mI (276) heap_init: At 3FFE0440 len 00003AE0 (14 KiB): D/IRAM[0m
[0;32mI (282) heap_init: At 3FFE4350 len 0001BCB0 (111 KiB): D/IRAM[0m
[0;32mI (289) heap_init: At 4008D8F8 len 00012708 (73 KiB): IRAM[0m
[0;32mI (297) spi_flash: detected chip: generic[0m
[0;32mI (300) spi_flash: flash io: dio[0m
[0;33mW (304) spi_flash: Detected size(4096k) larger than the size in the binary image header(2048k). Using the size in the binary image header.[0m
[0;32mI (317) main_task: Started on CPU0[0m
[0;32mI (327) main_task: Calling app_main()[0m
[0;32mI (327) gpio: GPIO[2]| InpGuru Meditation Error: Core  0 panic'ed (LoadProhibited). Exception was unhandled.

Core  0 register dump:
PC      : 0x4000c320  PS      : 0x00060333  A0      : 0x80085df1  A1      : 0x3ffb4cd0  
A2      : 0x3ffb600c  A3      : 0x00000004  A4      : 0x00000003  A5      : 0x3ffb600c  
A6      : 0x00000003  A7      : 0x00000000  A8      : 0x00000000  A9      : 0x3ffb5ff0  
A10     : 0x3ffb6010  A11     : 0x00000000  A12     : 0x3ffb67f0  A13     : 0x000007ec  
A14     : 0x3ffb5ff0  A15     : 0x3ffb4e20  SAR     : 0x0000001c  EXCCAUSE: 0x0000001c  
EXCVADDR: 0x00000004  LBEG    : 0x4000c2e0  LEND    : 0x4000c2f6  LCOUNT  : 0xffffffff  


Backtrace: 0x4000c31d:0x3ffb4cd0 0x40085dee:0x3ffb4ce0 0x40085ff0:0x3ffb4d00 0x4008614d:0x3ffb4d40 0x400d8bb0:0x3ffb4d60 0x400d94f2:0x3ffb4da0 0x400d5af3:0x3ffb4dd0 0x400d57c7:0x3ffb4e00 0x400e68c0:0x3ffb4e20 0x40087171:0x3ffb4e50




ELF file SHA256: b6372747f

Rebooting...
ets Jul 29 2019 12:21:46

rst:0xc (SW_CPU_RESET),boot:0x13 (SPI_FAST_FLASH_BOOT)
configsip: 0, SPIWP:0xee
clk_drv:0x00,q_drv:0x00,d_drv:0x00,cs0_drv:0x00,hd_drv:0x00,wp_drv:0x00
mode:DIO, clock div:2
load:0x3fff0030,len:7172
load:0x40078000,len:15540
load:0x40080400,len:4
ho 8 tail 4 room 4
load:0x40080404,len:3904
entry 0x40080640
[0;32mI (31) boot: ESP-IDF v5.2.2-dirty 2nd stage bootloader[0m
[0;32mI (31) boot: compile time Jul 12 2024 13:42:45[0m
[0;32mI (31) boot: Multicore bootloader[0m
[0;32mI (36) boot: chip revision: v3.1[0m
[0;32mI (40) boot.esp32: SPI Speed      : 40MHz[0m
[0;32mI (44) boot.esp32: SPI Mode       : DIO[0m
[0;32mI (49) boot.esp32: SPI Flash Size : 2MB[0m
[0;32mI (53) boot: Enabling RNG early entropy source...[0m
[0;32mI (59) boot: Partition Table:[0m
[0;32mI (62) boot: ## Label            Usage          Type ST Offset   Length[0m
[0;32mI (70) boot:  0 nvs              WiFi data        01 02 00009000 00006000[0m
[0;32mI (77) boot:  1 phy_init         RF data          01 01 0000f000 00001000[0m
[0;32mI (84) boot:  2 factory          factory app      00 00 00010000 00100000[0m
[0;32mI (92) boot: End of partition table[0m
[0;32mI (96) esp_image: segment 0: paddr=00010020 vaddr=3f400020 size=0b15ch ( 45404) map[0m
[0;32mI (120) esp_image: segment 1: paddr=0001b184 vaddr=3ffb0000 size=02254h (  8788) load[0m
[0;32mI (124) esp_image: segment 2: paddr=0001d3e0 vaddr=40080000 size=02c38h ( 11320) load[0m
[0;32mI (131) esp_image: segment 3: paddr=00020020 vaddr=400d0020 size=17318h ( 95000) map[0m
[0;32mI (167) esp_image: segment 4: paddr=00037340 vaddr=40082c38 size=0acc0h ( 44224) load[0m
[0;32mI (191) boot: Loaded app from partition at offset 0x10000[0m
[0;32mI (191) boot: Disabling RNG early entropy source...[0m
[0;32mI (203) cpu_start: Multicore app[0m
[0;32mI (212) cpu_start: Pro cpu start user code[0m
[0;32mI (212) cpu_start: cpu freq: 160000000 Hz[0m
[0;32mI (212) cpu_start: Application information:[0m
[0;32mI (215) cpu_start: Project name:     My_project[0m
[0;32mI (220) cpu_start: App version:      aed7665-dirty[0m
[0;32mI (225) cpu_start: Compile time:     Jul 12 2024 13:42:33[0m
[0;32mI (232) cpu_start: ELF file SHA256:  b6372747f...[0m
[0;32mI (237) cpu_start: ESP-IDF:          v5.2.2-dirty[0m
[0;32mI (242) cpu_start: Min chip rev:     v0.0[0m
[0;32mI (247) cpu_start: Max chip rev:     v3.99 [0m
[0;32mI (252) cpu_start: Chip rev:         v3.1[0m
[0;32mI (257) heap_init: Initializing. RAM available for dynamic allocation:[0m
[0;32mI (264) heap_init: At 3FFAE6E0 len 00001920 (6 KiB): DRAM[0m
[0;32mI (270) heap_init: At 3FFB2B28 len 0002D4D8 (181 KiB): DRAM[0m
[0;32mI (276) heap_init: At 3FFE0440 len 00003AE0 (14 KiB): D/IRAM[0m
[0;32mI (282) heap_init: At 3FFE4350 len 0001BCB0 (111 KiB): D/IRAM[0m
[0;32mI (289) heap_init: At 4008D8F8 len 00012708 (73 KiB): IRAM[0m
[0;32mI (296) spi_flash: detected chip: generic[0m
[0;32mI (300) spi_flash: flash io: dio[0m
[0;33mW (304) spi_flash: Detected size(4096k) larger than the size in the binary image header(2048k). Using the size in the binary image header.[0m
[0;32mI (317) main_task: Started on CPU0[0m
[0;32mI (327) main_task: Calling app_main()[0m
[0;32mI (327) gpio: GPIO[2]| InpGuru Meditation Error: Core  0 panic'ed (LoadProhibited). Exception was unhandled.

Core  0 register dump:
PC      : 0x4000c320  PS      : 0x00060333  A0      : 0x80085df1  A1      : 0x3ffb4cd0  
A2      : 0x3ffb600c  A3      : 0x00000004  A4      : 0x00000003  A5      : 0x3ffb600c  
A6      : 0x00000003  A7      : 0x00000000  A8      : 0x00000000  A9      : 0x3ffb5ff0  
A10     : 0x3ffb6010  A11     : 0x00000000  A12     : 0x3ffb67f0  A13     : 0x000007ec  
A14     : 0x3ffb5ff0  A15     : 0x3ffb4e20  SAR     : 0x0000001c  EXCCAUSE: 0x0000001c  
EXCVADDR: 0x00000004  LBEG    : 0x4000c2e0  LEND    : 0x4000c2f6  LCOUNT  : 0xffffffff  


Backtrace: 0x4000c31d:0x3ffb4cd0 0x40085dee:0x3ffb4ce0 0x40085ff0:0x3ffb4d00 0x4008614d:0x3ffb4d40 0x400d8bb0:0x3ffb4d60 0x400d94f2:0x3ffb4da0 0x400d5af3:0x3ffb4dd0 0x400d57c7:0x3ffb4e00 0x400e68c0:0x3ffb4e20 0x40087171:0x3ffb4e50




ELF file SHA256: b6372747f

Rebooting...
ets Jul 29 2019 12:21:46

rst:0xc (SW_CPU_RESET),boot:0x13 (SPI_FAST_FLASH_BOOT)
configsip: 0, SPIWP:0xee
clk_drv:0x00,q_drv:0x00,d_drv:0x00,cs0_drv:0x00,hd_drv:0x00,wp_drv:0x00
mode:DIO, clock div:2
load:0x3fff0030,len:7172
load:0x40078000,len:15540
load:0x40080400,len:4
ho 8 tail 4 room 4
load:0x40080404,len:3904
entry 0x40080640
[0;32mI (31) boot: ESP-IDF v5.2.2-dirty 2nd stage bootloader[0m
[0;32mI (31) boot: compile time Jul 12 2024 13:42:45[0m
[0;32mI (31) boot: Multicore bootloader[0m
[0;32mI (36) boot: chip revision: v3.1[0m
[0;32mI (40) boot.esp32: SPI Speed      : 40MHz[0m
[0;32mI (44) boot.esp32: SPI Mode       : DIO[0m
[0;32mI (49) boot.esp32: SPI Flash Size : 2MB[0m
[0;32mI (53) boot: Enabling RNG early entropy source...[0m
[0;32mI (59) boot: Partition Table:[0m
[0;32mI (62) boot: ## Label            Usage          Type ST Offset   Length[0m
[0;32mI (70) boot:  0 nvs              WiFi data        01 02 00009000 00006000[0m
[0;32mI (77) boot:  1 phy_init         RF data          01 01 0000f000 00001000[0m
[0;32mI (84) boot:  2 factory          factory app      00 00 00010000 00100000[0m
[0;32mI (92) boot: End of partition table[0m
[0;32mI (96) esp_image: segment 0: paddr=00010020 vaddr=3f400020 size=0b15ch ( 45404) map[0m
[0;32mI (120) esp_image: segment 1: paddr=0001b184 vaddr=3ffb0000 size=02254h (  8788) load[0m
[0;32mI (124) esp_image: segment 2: paddr=0001d3e0 vaddr=40080000 size=02c38h ( 11320) load[0m
[0;32mI (131) esp_image: segment 3: paddr=00020020 vaddr=400d0020 size=17318h ( 95000) map[0m
[0;32mI (167) esp_image: segment 4: paddr=00037340 vaddr=40082c38 size=0acc0h ( 44224) load[0m
[0;32mI (191) boot: Loaded app from partition at offset 0x10000[0m
[0;32mI (191) boot: Disabling RNG early entropy source...[0m
[0;32mI (203) cpu_start: Multicore app[0m
[0;32mI (212) cpu_start: Pro cpu start user code[0m
[0;32mI (212) cpu_start: cpu freq: 160000000 Hz[0m
[0;32mI (212) cpu_start: Application information:[0m
[0;32mI (215) cpu_start: Project name:     My_project[0m
[0;32mI (220) cpu_start: App version:      aed7665-dirty[0m
[0;32mI (225) cpu_start: Compile time:     Jul 12 2024 13:42:33[0m
[0;32mI (232) cpu_start: ELF file SHA256:  b6372747f...[0m
[0;32mI (237) cpu_start: ESP-IDF:          v5.2.2-dirty[0m
[0;32mI (242) cpu_start: Min chip rev:     v0.0[0m
[0;32mI (247) cpu_start: Max chip rev:     v3.99 [0m
[0;32mI (252) cpu_start: Chip rev:         v3.1[0m
[0;32mI (257) heap_init: Initializing. RAM available for dynamic allocation:[0m
[0;32mI (264) heap_init: At 3FFAE6E0 len 00001920 (6 KiB): DRAM[0m
[0;32mI (270) heap_init: At 3FFB2B28 len 0002D4D8 (181 KiB): DRAM[0m
[0;32mI (276) heap_init: At 3FFE0440 len 00003AE0 (14 KiB): D/IRAM[0m
[0;32mI (282) heap_init: At 3FFE4350 len 0001BCB0 (111 KiB): D/IRAM[0m
[0;32mI (289) heap_init: At 4008D8F8 len 00012708 (73 KiB): IRAM[0m
[0;32mI (297) spi_flash: detected chip: generic[0m
[0;32mI (300) spi_flash: flash io: dio[0m
[0;33mW (304) spi_flash: Detected size(4096k) larger than the size in the binary image header(2048k). Using the size in the binary image header.[0m
[0;32mI (317) main_task: Started on CPU0[0m
[0;32mI (327) main_task: Calling app_main()[0m
[0;32mI (327) gpio: GPIO[2]| InpGuru Meditation Error: Core  0 panic'ed (LoadProhibited). Exception was unhandled.

Core  0 register dump:
PC      : 0x4000c320  PS      : 0x00060333  A0      : 0x80085df1  A1      : 0x3ffb4cd0  
A2      : 0x3ffb600c  A3      : 0x00000004  A4      : 0x00000003  A5      : 0x3ffb600c  
A6      : 0x00000003  A7      : 0x00000000  A8      : 0x00000000  A9      : 0x3ffb5ff0  
A10     : 0x3ffb6010  A11     : 0x00000000  A12     : 0x3ffb67f0  A13     : 0x000007ec  
A14     : 0x3ffb5ff0  A15     : 0x3ffb4e20  SAR     : 0x0000001c  EXCCAUSE: 0x0000001c  
EXCVADDR: 0x00000004  LBEG    : 0x4000c2e0  LEND    : 0x4000c2f6  LCOUNT  : 0xffffffff  


Backtrace: 0x4000c31d:0x3ffb4cd0 0x40085dee:0x3ffb4ce0 0x40085ff0:0x3ffb4d00 0x4008614d:0x3ffb4d40 0x400d8bb0:0x3ffb4d60 0x400d94f2:0x3ffb4da0 0x400d5af3:0x3ffb4dd0 0x400d57c7:0x3ffb4e00 0x400e68c0:0x3ffb4e20 0x40087171:0x3ffb4e50




ELF file SHA256: b6372747f

Rebooting...
ets Jul 29 2019 12:21:46

rst:0xc (SW_CPU_RESET),boot:0x13 (SPI_FAST_FLASH_BOOT)
configsip: 0, SPIWP:0xee
clk_drv:0x00,q_drv:0x00,d_drv:0x00,cs0_drv:0x00,hd_drv:0x00,wp_drv:0x00
mode:DIO, clock div:2
load:0x3fff0030,len:7172
load:0x40078000,len:15540
load:0x40080400,len:4
ho 8 tail 4 room 4
load:0x40080404,len:3904
entry 0x40080640
[0;32mI (31) boot: ESP-IDF v5.2.2-dirty 2nd stage bootloader[0m
[0;32mI (31) boot: compile time Jul 12 2024 13:42:45[0m
[0;32mI (31) boot: Multicore bootloader[0m
[0;32mI (36) boot: chip revision: v3.1[0m
[0;32mI (40) boot.esp32: SPI Speed      : 40MHz[0m
[0;32mI (44) boot.esp32: SPI Mode       : DIO[0m
[0;32mI (49) boot.esp32: SPI Flash Size : 2MB[0m
[0;32mI (53) boot: Enabling RNG early entropy source...[0m
[0;32mI (59) boot: Partition Table:[0m
[0;32mI (62) boot: ## Label            Usage          Type ST Offset   Length[0m
[0;32mI (70) boot:  0 nvs              WiFi data        01 02 00009000 00006000[0m
[0;32mI (77) boot:  1 phy_init         RF data          01 01 0000f000 00001000[0m
[0;32mI (84) boot:  2 factory          factory app      00 00 00010000 00100000[0m
[0;32mI (92) boot: End of partition table[0m
[0;32mI (96) esp_image: segment 0: paddr=00010020 vaddr=3f400020 size=0b15ch ( 45404) map[0m
[0;32mI (120) esp_image: segment 1: paddr=0001b184 vaddr=3ffb0000 size=02254h (  8788) load[0m
[0;32mI (124) esp_image: segment 2: paddr=0001d3e0 vaddr=40080000 size=02c38h ( 11320) load[0m
[0;32mI (131) esp_image: segment 3: paddr=00020020 vaddr=400d0020 size=17318h ( 95000) map[0m
[0;32mI (167) esp_image: segment 4: paddr=00037340 vaddr=40082c38 size=0acc0h ( 44224) load[0m
[0;32mI (191) boot: Loaded app from partition at offset 0x10000[0m
[0;32mI (191) boot: Disabling RNG early entropy source...[0m
[0;32mI (203) cpu_start: Multicore app[0m
[0;32mI (212) cpu_start: Pro cpu start user code[0m
[0;32mI (212) cpu_start: cpu freq: 160000000 Hz[0m
[0;32mI (212) cpu_start: Application information:[0m
[0;32mI (215) cpu_start: Project name:     My_project[0m
[0;32mI (220) cpu_start: App version:      aed7665-dirty[0m
[0;32mI (225) cpu_start: Compile time:     Jul 12 2024 13:42:33[0m
[0;32mI (232) cpu_start: ELF file SHA256:  b6372747f...[0m
[0;32mI (237) cpu_start: ESP-IDF:          v5.2.2-dirty[0m
[0;32mI (242) cpu_start: Min chip rev:     v0.0[0m
[0;32mI (247) cpu_start: Max chip rev:     v3.99 [0m
[0;32mI (252) cpu_start: Chip rev:         v3.1[0m
[0;32mI (257) heap_init: Initializing. RAM available for dynamic allocation:[0m
[0;32mI (264) heap_init: At 3FFAE6E0 len 00001920 (6 KiB): DRAM[0m
[0;32mI (270) heap_init: At 3FFB2B28 len 0002D4D8 (181 KiB): DRAM[0m
[0;32mI (276) heap_init: At 3FFE0440 len 00003AE0 (14 KiB): D/IRAM[0m
[0;32mI (282) heap_init: At 3FFE4350 len 0001BCB0 (111 KiB): D/IRAM[0m
[0;32mI (289) heap_init: At 4008D8F8 len 00012708 (73 KiB): IRAM[0m
[0;32mI (297) spi_flash: detected chip: generic[0m
[0;32mI (300) spi_flash: flash io: dio[0m
[0;33mW (304) spi_flash: Detected size(4096k) larger than the size in the binary image header(2048k). Using the size in the binary image header.[0m
[0;32mI (317) main_task: Started on CPU0[0m
[0;32mI (327) main_task: Calling app_main()[0m
[0;32mI (327) gpio: GPIO[2]| InpGuru Meditation Error: Core  0 panic'ed (LoadProhibited). Exception was unhandled.

Core  0 register dump:
PC      : 0x4000c320  PS      : 0x00060333  A0      : 0x80085df1  A1      : 0x3ffb4cd0  
A2      : 0x3ffb600c  A3      : 0x00000004  A4      : 0x00000003  A5      : 0x3ffb600c  
A6      : 0x00000003  A7      : 0x00000000  A8      : 0x00000000  A9      : 0x3ffb5ff0  
A10     : 0x3ffb6010  A11     : 0x00000000  A12     : 0x3ffb67f0  A13     : 0x000007ec  
A14     : 0x3ffb5ff0  A15     : 0x3ffb4e20  SAR     : 0x0000001c  EXCCAUSE: 0x0000001c  
EXCVADDR: 0x00000004  LBEG    : 0x4000c2e0  LEND    : 0x4000c2f6  LCOUNT  : 0xffffffff  


Backtrace: 0x4000c31d:0x3ffb4cd0 0x40085dee:0x3ffb4ce0 0x40085ff0:0x3ffb4d00 0x4008614d:0x3ffb4d40 0x400d8bb0:0x3ffb4d60 0x400d94f2:0x3ffb4da0 0x400d5af3:0x3ffb4dd0 0x400d57c7:0x3ffb4e00 0x400e68c0:0x3ffb4e20 0x40087171:0x3ffb4e50




ELF file SHA256: b6372747f

Rebooting...
ets Jul 29 2019 12:21:46

rst:0xc (SW_CPU_RESET),boot:0x13 (SPI_FAST_FLASH_BOOT)
configsip: 0, SPIWP:0xee
clk_drv:0x00,q_drv:0x00,d_drv:0x00,cs0_drv:0x00,hd_drv:0x00,wp_drv:0x00
mode:DIO, clock div:2
load:0x3fff0030,len:7172
load:0x40078000,len:15540
load:0x40080400,len:4
ho 8 tail 4 room 4
load:0x40080404,len:3904
entry 0x40080640
[0;32mI (31) boot: ESP-IDF v5.2.2-dirty 2nd stage bootloader[0m
[0;32mI (31) boot: compile time Jul 12 2024 13:42:45[0m
[0;32mI (31) boot: Multicore bootloader[0m
[0;32mI (36) boot: chip revision: v3.1[0m
[0;32mI (40) boot.esp32: SPI Speed      : 40MHz[0m
[0;32mI (44) boot.esp32: SPI Mode       : DIO[0m
[0;32mI (49) boot.esp32: SPI Flash Size : 2MB[0m
[0;32mI (53) boot: Enabling RNG early entropy source...[0m
[0;32mI (59) boot: Partition Table:[0m
[0;32mI (62) boot: ## Label            Usage          Type ST Offset   Length[0m
[0;32mI (70) boot:  0 nvs              WiFi data        01 02 00009000 00006000[0m
[0;32mI (77) boot:  1 phy_init         RF data          01 01 0000f000 00001000[0m
[0;32mI (84) boot:  2 factory          factory app      00 00 00010000 00100000[0m
[0;32mI (92) boot: End of partition table[0m
[0;32mI (96) esp_image: segment 0: paddr=00010020 vaddr=3f400020 size=0b15ch ( 45404) map[0m
[0;32mI (120) esp_image: segment 1: paddr=0001b184 vaddr=3ffb0000 size=02254h (  8788) load[0m
[0;32mI (124) esp_image: segment 2: paddr=0001d3e0 vaddr=40080000 size=02c38h ( 11320) load[0m
[0;32mI (131) esp_image: segment 3: paddr=00020020 vaddr=400d0020 size=17318h ( 95000) map[0m
[0;32mI (167) esp_image: segment 4: paddr=00037340 vaddr=40082c38 size=0acc0h ( 44224) load[0m
[0;32mI (191) boot: Loaded app from partition at offset 0x10000[0m
[0;32mI (191) boot: Disabling RNG early entropy source...[0m
[0;32mI (203) cpu_start: Multicore app[0m
[0;32mI (212) cpu_start: Pro cpu start user code[0m
[0;32mI (212) cpu_start: cpu freq: 160000000 Hz[0m
[0;32mI (212) cpu_start: Application information:[0m
[0;32mI (215) cpu_start: Project name:     My_project[0m
[0;32mI (220) cpu_start: App version:      aed7665-dirty[0m
[0;32mI (225) cpu_start: Compile time:     Jul 12 2024 13:42:33[0m
[0;32mI (232) cpu_start: ELF file SHA256:  b6372747f...[0m
[0;32mI (237) cpu_start: ESP-IDF:          v5.2.2-dirty[0m
[0;32mI (242) cpu_start: Min chip rev:     v0.0[0m
[0;32mI (247) cpu_start: Max chip rev:     v3.99 [0m
[0;32mI (252) cpu_start: Chip rev:         v3.1[0m
[0;32mI (257) heap_init: Initializing. RAM available for dynamic allocation:[0m
[0;32mI (264) heap_init: At 3FFAE6E0 len 00001920 (6 KiB): DRAM[0m
[0;32mI (270) heap_init: At 3FFB2B28 len 0002D4D8 (181 KiB): DRAM[0m
[0;32mI (276) heap_init: At 3FFE0440 len 00003AE0 (14 KiB): D/IRAM[0m
[0;32mI (282) heap_init: At 3FFE4350 len 0001BCB0 (111 KiB): D/IRAM[0m
[0;32mI (289) heap_init: At 4008D8F8 len 00012708 (73 KiB): IRAM[0m
[0;32mI (297) spi_flash: detected chip: generic[0m
[0;32mI (300) spi_flash: flash io: dio[0m
[0;33mW (304) spi_flash: Detected size(4096k) larger than the size in the binary image header(2048k). Using the size in the binary image header.[0m
[0;32mI (317) main_task: Started on CPU0[0m
[0;32mI (327) main_task: Calling app_main()[0m
[0;32mI (327) gpio: GPIO[2]| InpGuru Meditation Error: Core  0 panic'ed (LoadProhibited). Exception was unhandled.

Core  0 register dump:
PC      : 0x4000c320  PS      : 0x00060333  A0      : 0x80085df1  A1      : 0x3ffb4cd0  
A2      : 0x3ffb600c  A3      : 0x00000004  A4      : 0x00000003  A5      : 0x3ffb600c  
A6      : 0x00000003  A7      : 0x00000000  A8      : 0x00000000  A9      : 0x3ffb5ff0  
A10     : 0x3ffb6010  A11     : 0x00000000  A12     : 0x3ffb67f0  A13     : 0x000007ec  
A14     : 0x3ffb5ff0  A15     : 0x3ffb4e20  SAR     : 0x0000001c  EXCCAUSE: 0x0000001c  
EXCVADDR: 0x00000004  LBEG    : 0x4000c2e0  LEND    : 0x4000c2f6  LCOUNT  : 0xffffffff  


Backtrace: 0x4000c31d:0x3ffb4cd0 0x40085dee:0x3ffb4ce0 0x40085ff0:0x3ffb4d00 0x4008614d:0x3ffb4d40 0x400d8bb0:0x3ffb4d60 0x400d94f2:0x3ffb4da0 0x400d5af3:0x3ffb4dd0 0x400d57c7:0x3ffb4e00 0x400e68c0:0x3ffb4e20 0x40087171:0x3ffb4e50




ELF file SHA256: b6372747f

Rebooting...
ets Jul 29 2019 12:21:46

rst:0xc (SW_CPU_RESET),boot:0x13 (SPI_FAST_FLASH_BOOT)
configsip: 0, SPIWP:0xee
clk_drv:0x00,q_drv:0x00,d_drv:0x00,cs0_drv:0x00,hd_drv:0x00,wp_drv:0x00
mode:DIO, clock div:2
load:0x3fff0030,len:7172
load:0x40078000,len:15540
load:0x40080400,len:4
ho 8 tail 4 room 4
load:0x40080404,len:3904
entry 0x40080640
[0;32mI (31) boot: ESP-IDF v5.2.2-dirty 2nd stage bootloader[0m
[0;32mI (31) boot: compile time Jul 12 2024 13:42:45[0m
[0;32mI (31) boot: Multicore bootloader[0m
[0;32mI (36) boot: chip revision: v3.1[0m
[0;32mI (40) boot.esp32: SPI Speed      : 40MHz[0m
[0;32mI (44) boot.esp32: SPI Mode       : DIO[0m
[0;32mI (49) boot.esp32: SPI Flash Size : 2MB[0m
[0;32mI (53) boot: Enabling RNG early entropy source...[0m
[0;32mI (59) boot: Partition Table:[0m
[0;32mI (62) boot: ## Label            Usage          Type ST Offset   Length[0m
[0;32mI (70) boot:  0 nvs              WiFi data        01 02 00009000 00006000[0m
[0;32mI (77) boot:  1 phy_init         RF data          01 01 0000f000 00001000[0m
[0;32mI (84) boot:  2 factory          factory app      00 00 00010000 00100000[0m
[0;32mI (92) boot: End of partition table[0m
[0;32mI (96) esp_image: segment 0: paddr=00010020 vaddr=3f400020 size=0b15ch ( 45404) map[0m
[0;32mI (120) esp_image: segment 1: paddr=0001b184 vaddr=3ffb0000 size=02254h (  8788) load[0m
[0;32mI (124) esp_image: segment 2: paddr=0001d3e0 vaddr=40080000 size=02c38h ( 11320) load[0m
[0;32mI (131) esp_image: segment 3: paddr=00020020 vaddr=400d0020 size=17318h ( 95000) map[0m
[0;32mI (167) esp_image: segment 4: paddr=00037340 vaddr=40082c38 size=0acc0h ( 44224) load[0m
[0;32mI (191) boot: Loaded app from partition at offset 0x10000[0m
[0;32mI (191) boot: Disabling RNG early entropy source...[0m
[0;32mI (203) cpu_start: Multicore app[0m
[0;32mI (212) cpu_start: Pro cpu start user code[0m
[0;32mI (212) cpu_start: cpu freq: 160000000 Hz[0m
[0;32mI (212) cpu_start: Application information:[0m
[0;32mI (215) cpu_start: Project name:     My_project[0m
[0;32mI (220) cpu_start: App version:      aed7665-dirty[0m
[0;32mI (225) cpu_start: Compile time:     Jul 12 2024 13:42:33[0m
[0;32mI (232) cpu_start: ELF file SHA256:  b6372747f...[0m
[0;32mI (237) cpu_start: ESP-IDF:          v5.2.2-dirty[0m
[0;32mI (242) cpu_start: Min chip rev:     v0.0[0m
[0;32mI (247) cpu_start: Max chip rev:     v3.99 [0m
[0;32mI (252) cpu_start: Chip rev:         v3.1[0m
[0;32mI (257) heap_init: Initializing. RAM available for dynamic allocation:[0m
[0;32mI (264) heap_init: At 3FFAE6E0 len 00001920 (6 KiB): DRAM[0m
[0;32mI (270) heap_init: At 3FFB2B28 len 0002D4D8 (181 KiB): DRAM[0m
[0;32mI (276) heap_init: At 3FFE0440 len 00003AE0 (14 KiB): D/IRAM[0m
[0;32mI (282) heap_init: At 3FFE4350 len 0001BCB0 (111 KiB): D/IRAM[0m
[0;32mI (289) heap_init: At 4008D8F8 len 00012708 (73 KiB): IRAM[0m
[0;32mI (297) spi_flash: detected chip: generic[0m
[0;32mI (300) spi_flash: flash io: dio[0m
